Archive member included to satisfy reference by file (symbol)

/home/zdrm/Desktop/DURF/Project/Code/motor_test/build/cxx/libcxx.a(cxx_guards.o)
                              (__cxa_guard_dummy)
/home/zdrm/Desktop/DURF/Project/Code/motor_test/build/cxx/libcxx.a(cxx_exception_stubs.o)
                              (__cxx_fatal_exception)
/home/zdrm/Desktop/DURF/Project/Code/motor_test/build/esp32/libesp32.a(panic.o)
                              /home/zdrm/Desktop/DURF/Project/Code/motor_test/build/cxx/libcxx.a(cxx_guards.o) (abort)
/home/zdrm/Desktop/DURF/Project/Code/motor_test/build/esp32/libesp32.a(cpu_start.o)
                              (call_start_cpu0)
/home/zdrm/Desktop/DURF/Project/Code/motor_test/build/esp32/libesp32.a(cache_err_int.o)
                              /home/zdrm/Desktop/DURF/Project/Code/motor_test/build/esp32/libesp32.a(cpu_start.o) (esp_cache_err_int_init)
/home/zdrm/Desktop/DURF/Project/Code/motor_test/build/esp32/libesp32.a(int_wdt.o)
                              /home/zdrm/Desktop/DURF/Project/Code/motor_test/build/esp32/libesp32.a(cpu_start.o) (esp_int_wdt_init)
/home/zdrm/Desktop/DURF/Project/Code/motor_test/build/esp32/libesp32.a(system_api.o)
                              /home/zdrm/Desktop/DURF/Project/Code/motor_test/build/esp32/libesp32.a(panic.o) (esp_restart_noos)
/home/zdrm/Desktop/DURF/Project/Code/motor_test/build/esp32/libesp32.a(esp_err_to_name.o)
                              /home/zdrm/Desktop/DURF/Project/Code/motor_test/build/esp32/libesp32.a(panic.o) (esp_err_to_name)
/home/zdrm/Desktop/DURF/Project/Code/motor_test/build/esp32/libesp32.a(esp_timer.o)
                              /home/zdrm/Desktop/DURF/Project/Code/motor_test/build/esp32/libesp32.a(cpu_start.o) (esp_timer_init)
/home/zdrm/Desktop/DURF/Project/Code/motor_test/build/esp32/libesp32.a(dport_access.o)
                              /home/zdrm/Desktop/DURF/Project/Code/motor_test/build/esp32/libesp32.a(cpu_start.o) (esp_dport_access_stall_other_cpu_start)
/home/zdrm/Desktop/DURF/Project/Code/motor_test/build/esp32/libesp32.a(brownout.o)
                              /home/zdrm/Desktop/DURF/Project/Code/motor_test/build/esp32/libesp32.a(cpu_start.o) (esp_brownout_init)
/home/zdrm/Desktop/DURF/Project/Code/motor_test/build/esp32/libesp32.a(dport_panic_highint_hdl.o)
                              (ld_include_panic_highint_hdl)
/home/zdrm/Desktop/DURF/Project/Code/motor_test/build/esp32/libesp32.a(task_wdt.o)
                              /home/zdrm/Desktop/DURF/Project/Code/motor_test/build/esp32/libesp32.a(cpu_start.o) (esp_task_wdt_init)
/home/zdrm/Desktop/DURF/Project/Code/motor_test/build/esp32/libesp32.a(dbg_stubs.o)
                              /home/zdrm/Desktop/DURF/Project/Code/motor_test/build/esp32/libesp32.a(cpu_start.o) (esp_dbg_stubs_init)
/home/zdrm/Desktop/DURF/Project/Code/motor_test/build/esp32/libesp32.a(esp_timer_esp32.o)
                              /home/zdrm/Desktop/DURF/Project/Code/motor_test/build/esp32/libesp32.a(esp_timer.o) (esp_timer_impl_get_time)
/home/zdrm/Desktop/DURF/Project/Code/motor_test/build/esp32/libesp32.a(clk.o)
                              /home/zdrm/Desktop/DURF/Project/Code/motor_test/build/esp32/libesp32.a(cpu_start.o) (esp_clk_init)
/home/zdrm/Desktop/DURF/Project/Code/motor_test/build/esp32/libesp32.a(freertos_hooks.o)
                              /home/zdrm/Desktop/DURF/Project/Code/motor_test/build/esp32/libesp32.a(task_wdt.o) (esp_register_freertos_idle_hook_for_cpu)
/home/zdrm/Desktop/DURF/Project/Code/motor_test/build/esp32/libesp32.a(crosscore_int.o)
                              /home/zdrm/Desktop/DURF/Project/Code/motor_test/build/esp32/libesp32.a(cpu_start.o) (esp_crosscore_int_init)
/home/zdrm/Desktop/DURF/Project/Code/motor_test/build/esp32/libesp32.a(intr_alloc.o)
                              /home/zdrm/Desktop/DURF/Project/Code/motor_test/build/esp32/libesp32.a(esp_timer_esp32.o) (esp_intr_enable)
/home/zdrm/Desktop/DURF/Project/Code/motor_test/build/esp32/libesp32.a(pm_esp32.o)
                              /home/zdrm/Desktop/DURF/Project/Code/motor_test/build/esp32/libesp32.a(freertos_hooks.o) (esp_pm_impl_waiti)
/home/zdrm/Desktop/DURF/Project/Code/motor_test/build/esp32/libesp32.a(pm_locks.o)
                              /home/zdrm/Desktop/DURF/Project/Code/motor_test/build/esp32/libesp32.a(pm_esp32.o) (esp_pm_lock_create)
/home/zdrm/Desktop/DURF/Project/Code/motor_test/build/esp32/libesp32.a(ipc.o)
                              /home/zdrm/Desktop/DURF/Project/Code/motor_test/build/esp32/libesp32.a(intr_alloc.o) (esp_ipc_call_blocking)
/home/zdrm/esp/esp-idf/components/esp32/libhal.a(int_asm--set_intclear.o)
                              /home/zdrm/Desktop/DURF/Project/Code/motor_test/build/esp32/libesp32.a(intr_alloc.o) (xthal_set_intclear)
/home/zdrm/Desktop/DURF/Project/Code/motor_test/build/freertos/libfreertos.a(xtensa_intr.o)
[...]
Memory Configuration

Name             Origin             Length             Attributes
iram0_0_seg      0x0000000040080000 0x0000000000020000 xr
iram0_2_seg      0x00000000400d0018 0x000000000032ffe8 xr
dram0_0_seg      0x000000003ffb0000 0x000000000002c200 rw
drom0_0_seg      0x000000003f400018 0x00000000003fffe8 r
rtc_iram_seg     0x00000000400c0000 0x0000000000002000 xrw
rtc_data_seg     0x000000003ff80000 0x0000000000002000 rw
rtc_slow_seg     0x0000000050000000 0x0000000000001000 rw
extern_ram_seg   0x000000003f800000 0x0000000000400000 xrw
*default*        0x0000000000000000 0xffffffffffffffff

Linker script and memory map

START GROUP
LOAD /home/zdrm/Desktop/DURF/Project/Code/motor_test/build/app_trace/libapp_trace.a
LOAD /home/zdrm/Desktop/DURF/Project/Code/motor_test/build/app_update/libapp_update.a
LOAD /home/zdrm/Desktop/DURF/Project/Code/motor_test/build/asio/libasio.a
LOAD /home/zdrm/Desktop/DURF/Project/Code/motor_test/build/bootloader_support/libbootloader_support.a
LOAD /home/zdrm/Desktop/DURF/Project/Code/motor_test/build/bt/libbt.a
LOAD /home/zdrm/Desktop/DURF/Project/Code/motor_test/build/coap/libcoap.a
LOAD /home/zdrm/Desktop/DURF/Project/Code/motor_test/build/console/libconsole.a
LOAD /home/zdrm/Desktop/DURF/Project/Code/motor_test/build/cxx/libcxx.a
LOAD /home/zdrm/Desktop/DURF/Project/Code/motor_test/build/driver/libdriver.a
LOAD /home/zdrm/Desktop/DURF/Project/Code/motor_test/build/esp-tls/libesp-tls.a
LOAD /home/zdrm/Desktop/DURF/Project/Code/motor_test/build/esp32/libesp32.a
LOAD /home/zdrm/esp/esp-idf/components/esp32/libhal.a
LOAD /home/zdrm/esp/esp-idf/components/esp32/lib/libcore.a
LOAD /home/zdrm/esp/esp-idf/components/esp32/lib/librtc.a
LOAD /home/zdrm/esp/esp-idf/components/esp32/lib/libnet80211.a
LOAD /home/zdrm/esp/esp-idf/components/esp32/lib/libpp.a
LOAD /home/zdrm/esp/esp-idf/components/esp32/lib/libwpa.a
LOAD /home/zdrm/esp/esp-idf/components/esp32/lib/libsmartconfig.a
LOAD /home/zdrm/esp/esp-idf/components/esp32/lib/libcoexist.a
LOAD /home/zdrm/esp/esp-idf/components/esp32/lib/libwps.a
LOAD /home/zdrm/esp/esp-idf/components/esp32/lib/libwpa2.a
LOAD /home/zdrm/esp/esp-idf/components/esp32/lib/libespnow.a
LOAD /home/zdrm/esp/esp-idf/components/esp32/lib/libphy.a
LOAD /home/zdrm/esp/esp-idf/components/esp32/lib/libmesh.a
LOAD /home/zdrm/Desktop/DURF/Project/Code/motor_test/build/esp_adc_cal/libesp_adc_cal.a
LOAD /home/zdrm/Desktop/DURF/Project/Code/motor_test/build/esp_event/libesp_event.a
LOAD /home/zdrm/Desktop/DURF/Project/Code/motor_test/build/esp_http_client/libesp_http_client.a
LOAD /home/zdrm/Desktop/DURF/Project/Code/motor_test/build/esp_http_server/libesp_http_server.a
LOAD /home/zdrm/Desktop/DURF/Project/Code/motor_test/build/esp_https_ota/libesp_https_ota.a
LOAD /home/zdrm/Desktop/DURF/Project/Code/motor_test/build/esp_ringbuf/libesp_ringbuf.a
LOAD /home/zdrm/Desktop/DURF/Project/Code/motor_test/build/ethernet/libethernet.a
LOAD /home/zdrm/Desktop/DURF/Project/Code/motor_test/build/expat/libexpat.a
LOAD /home/zdrm/Desktop/DURF/Project/Code/motor_test/build/fatfs/libfatfs.a
LOAD /home/zdrm/Desktop/DURF/Project/Code/motor_test/build/freemodbus/libfreemodbus.a
LOAD /home/zdrm/Desktop/DURF/Project/Code/motor_test/build/freertos/libfreertos.a
LOAD /home/zdrm/Desktop/DURF/Project/Code/motor_test/build/heap/libheap.a
LOAD /home/zdrm/Desktop/DURF/Project/Code/motor_test/build/idf_test/libidf_test.a
LOAD /home/zdrm/Desktop/DURF/Project/Code/motor_test/build/jsmn/libjsmn.a
LOAD /home/zdrm/Desktop/DURF/Project/Code/motor_test/build/json/libjson.a
LOAD /home/zdrm/Desktop/DURF/Project/Code/motor_test/build/libsodium/liblibsodium.a
LOAD /home/zdrm/Desktop/DURF/Project/Code/motor_test/build/log/liblog.a
LOAD /home/zdrm/Desktop/DURF/Project/Code/motor_test/build/lwip/liblwip.a
LOAD /home/zdrm/Desktop/DURF/Project/Code/motor_test/build/main/libmain.a
LOAD /home/zdrm/Desktop/DURF/Project/Code/motor_test/build/mbedtls/libmbedtls.a
LOAD /home/zdrm/Desktop/DURF/Project/Code/motor_test/build/mdns/libmdns.a
LOAD /home/zdrm/Desktop/DURF/Project/Code/motor_test/build/micro-ecc/libmicro-ecc.a
LOAD /home/zdrm/Desktop/DURF/Project/Code/motor_test/build/mqtt/libmqtt.a
LOAD /home/zdrm/esp/esp-idf/components/newlib/lib/libc.a
LOAD /home/zdrm/esp/esp-idf/components/newlib/lib/libm.a
LOAD /home/zdrm/Desktop/DURF/Project/Code/motor_test/build/newlib/libnewlib.a
LOAD /home/zdrm/Desktop/DURF/Project/Code/motor_test/build/nghttp/libnghttp.a
LOAD /home/zdrm/Desktop/DURF/Project/Code/motor_test/build/nvs_flash/libnvs_flash.a
LOAD /home/zdrm/Desktop/DURF/Project/Code/motor_test/build/openssl/libopenssl.a
LOAD /home/zdrm/Desktop/DURF/Project/Code/motor_test/build/protobuf-c/libprotobuf-c.a
LOAD /home/zdrm/Desktop/DURF/Project/Code/motor_test/build/protocomm/libprotocomm.a
LOAD /home/zdrm/Desktop/DURF/Project/Code/motor_test/build/pthread/libpthread.a
LOAD /home/zdrm/Desktop/DURF/Project/Code/motor_test/build/sdmmc/libsdmmc.a
LOAD /home/zdrm/Desktop/DURF/Project/Code/motor_test/build/smartconfig_ack/libsmartconfig_ack.a
LOAD /home/zdrm/Desktop/DURF/Project/Code/motor_test/build/soc/libsoc.a
LOAD /home/zdrm/Desktop/DURF/Project/Code/motor_test/build/spi_flash/libspi_flash.a
LOAD /home/zdrm/Desktop/DURF/Project/Code/motor_test/build/spiffs/libspiffs.a
LOAD /home/zdrm/Desktop/DURF/Project/Code/motor_test/build/tcp_transport/libtcp_transport.a
LOAD /home/zdrm/Desktop/DURF/Project/Code/motor_test/build/tcpip_adapter/libtcpip_adapter.a
LOAD /home/zdrm/Desktop/DURF/Project/Code/motor_test/build/ulp/libulp.a
LOAD /home/zdrm/Desktop/DURF/Project/Code/motor_test/build/vfs/libvfs.a
LOAD /home/zdrm/Desktop/DURF/Project/Code/motor_test/build/wear_levelling/libwear_levelling.a
LOAD /home/zdrm/Desktop/DURF/Project/Code/motor_test/build/wifi_provisioning/libwifi_provisioning.a
LOAD /home/zdrm/Desktop/DURF/Project/Code/motor_test/build/wpa_supplicant/libwpa_supplicant.a
LOAD /home/zdrm/Desktop/DURF/Project/Code/motor_test/build/xtensa-debug-module/libxtensa-debug-module.a
LOAD /home/zdrm/esp/xtensa-esp32-elf/bin/../lib/gcc/xtensa-esp32-elf/5.2.0/libgcc.a
LOAD /home/zdrm/esp/xtensa-esp32-elf/bin/../lib/gcc/xtensa-esp32-elf/5.2.0/../../../../xtensa-esp32-elf/lib/libstdc++.a
LOAD /home/zdrm/esp/xtensa-esp32-elf/bin/../lib/gcc/xtensa-esp32-elf/5.2.0/libgcov.a
END GROUP
                0x0000000040000000                _heap_end = 0x40000000
                0x000000003ff80000                _data_seg_org = ORIGIN (rtc_data_seg)

.rtc.text       0x00000000400c0000        0x0
                0x00000000400c0000                . = ALIGN (0x4)
 *(.rtc.literal .rtc.text)
 *rtc_wake_stub*.*(.literal .text .literal.* .text.*)
                0x00000000400c0000                _rtc_text_end = ABSOLUTE (.)

.rtc.dummy      0x000000003ff80000        0x0
                0x000000003ff80000                _rtc_dummy_start = ABSOLUTE (.)
                0x000000003ff80000                _rtc_fast_start = ABSOLUTE (.)
                0x0000000000000000                . = SIZEOF (.rtc.text)
                0x0000000000000000                _rtc_dummy_end = ABSOLUTE (.)

.rtc.force_fast
                0x000000003ff80000        0x0
                0x000000003ff80000                . = ALIGN (0x4)
                0x000000003ff80000                _rtc_force_fast_start = ABSOLUTE (.)
 *(.rtc.force_fast .rtc.force_fast.*)
                0x000000003ff80000                . = ALIGN (0x4)
                0x000000003ff80000                _rtc_force_fast_end = ABSOLUTE (.)

.rtc.data       0x0000000050000000        0x0
                0x0000000050000000                _rtc_data_start = ABSOLUTE (.)
 *(.rtc.data)
 *(.rtc.rodata)
 *rtc_wake_stub*.*(.data .rodata .data.* .rodata.* .bss .bss.*)
                0x0000000050000000                _rtc_data_end = ABSOLUTE (.)

.rtc.bss        0x0000000050000000        0x0
                0x0000000050000000                _rtc_bss_start = ABSOLUTE (.)
 *rtc_wake_stub*.*(.bss .bss.*)
 *rtc_wake_stub*.*(COMMON)
 *(.rtc.bss)
                0x0000000050000000                _rtc_bss_end = ABSOLUTE (.)

.rtc_noinit     0x0000000050000000        0x0
                0x0000000050000000                . = ALIGN (0x4)
                0x0000000050000000                _rtc_noinit_start = ABSOLUTE (.)
 *(.rtc_noinit .rtc_noinit.*)
                0x0000000050000000                . = ALIGN (0x4)
                0x0000000050000000                _rtc_noinit_end = ABSOLUTE (.)

.rtc.force_slow
                0x0000000050000000        0x0
                0x0000000050000000                . = ALIGN (0x4)
                0x0000000050000000                _rtc_force_slow_start = ABSOLUTE (.)
 *(.rtc.force_slow .rtc.force_slow.*)
                0x0000000050000000                . = ALIGN (0x4)
                0x0000000050000000                _rtc_force_slow_end = ABSOLUTE (.)
                0x0000000000000000                _rtc_slow_length = (ORIGIN (rtc_slow_seg) == ORIGIN (rtc_data_location))?(_rtc_force_slow_end - _rtc_data_start):(_rtc_force_slow_end - _rtc_force_slow_start)
                0x0000000000000000                _rtc_fast_length = (ORIGIN (rtc_slow_seg) == ORIGIN (rtc_data_location))?(_rtc_force_fast_end - _rtc_fast_start):(_rtc_noinit_end - _rtc_fast_start)
                0x0000000000000001                ASSERT ((_rtc_slow_length <= 0x1000), RTC_SLOW segment data does not fit.)
                0x0000000000000001                ASSERT ((_rtc_fast_length <= 0x2000), RTC_FAST segment data does not fit.)

.iram0.vectors  0x0000000040080000      0x400
                0x0000000040080000                _iram_start = ABSOLUTE (.)
                0x0000000040080000                _init_start = ABSOLUTE (.)
                0x0000000000000000                . = 0x0
 *(.WindowVectors.text)
 .WindowVectors.text
                0x0000000040080000      0x16a /home/zdrm/Desktop/DURF/Project/Code/motor_test/build/freertos/libfreertos.a(xtensa_vectors.o)
                0x0000000040080000                _WindowOverflow4
                0x0000000040080040                _WindowUnderflow4
                0x0000000040080050                _xt_alloca_exc
                0x0000000040080080                _WindowOverflow8
                0x00000000400800c0                _WindowUnderflow8
                0x0000000040080100                _WindowOverflow12
                0x0000000040080140                _WindowUnderflow12
                0x0000000000000180                . = 0x180
 *fill*         0x000000004008016a       0x16 
 *(.Level2InterruptVector.text)
 .Level2InterruptVector.text
                0x0000000040080180        0x6 /home/zdrm/Desktop/DURF/Project/Code/motor_test/build/freertos/libfreertos.a(xtensa_vectors.o)
                0x0000000040080180                _Level2Vector
                0x00000000000001c0                . = 0x1c0
 *fill*         0x0000000040080186       0x3a 
 *(.Level3InterruptVector.text)
 .Level3InterruptVector.text
                0x00000000400801c0        0x6 /home/zdrm/Desktop/DURF/Project/Code/motor_test/build/freertos/libfreertos.a(xtensa_vectors.o)
                0x00000000400801c0                _Level3Vector
                0x0000000000000200                . = 0x200
 *fill*         0x00000000400801c6       0x3a 
 *(.Level4InterruptVector.text)
 .Level4InterruptVector.text
                0x0000000040080200        0x6 /home/zdrm/Desktop/DURF/Project/Code/motor_test/build/freertos/libfreertos.a(xtensa_vectors.o)
                0x0000000040080200                _Level4Vector
                0x0000000000000240                . = 0x240
 *fill*         0x0000000040080206       0x3a 
 *(.Level5InterruptVector.text)
 .Level5InterruptVector.text
                0x0000000040080240        0x6 /home/zdrm/Desktop/DURF/Project/Code/motor_test/build/freertos/libfreertos.a(xtensa_vectors.o)
                0x0000000040080240                _Level5Vector
                0x0000000000000280                . = 0x280
 *fill*         0x0000000040080246       0x3a 
 *(.DebugExceptionVector.text)
 .DebugExceptionVector.text
                0x0000000040080280        0x6 /home/zdrm/Desktop/DURF/Project/Code/motor_test/build/freertos/libfreertos.a(xtensa_vectors.o)
                0x0000000040080280                _DebugExceptionVector
                0x00000000000002c0                . = 0x2c0
 *fill*         0x0000000040080286       0x3a 
 *(.NMIExceptionVector.text)
 .NMIExceptionVector.text
                0x00000000400802c0        0x6 /home/zdrm/Desktop/DURF/Project/Code/motor_test/build/freertos/libfreertos.a(xtensa_vectors.o)
                0x00000000400802c0                _NMIExceptionVector
                0x0000000000000300                . = 0x300
 *fill*         0x00000000400802c6       0x3a 
 *(.KernelExceptionVector.text)
 .KernelExceptionVector.text
                0x0000000040080300        0x6 /home/zdrm/Desktop/DURF/Project/Code/motor_test/build/freertos/libfreertos.a(xtensa_vectors.o)
                0x0000000040080300                _KernelExceptionVector
                0x0000000000000340                . = 0x340
 *fill*         0x0000000040080306       0x3a 
 *(.UserExceptionVector.text)
 .UserExceptionVector.text
                0x0000000040080340        0x6 /home/zdrm/Desktop/DURF/Project/Code/motor_test/build/freertos/libfreertos.a(xtensa_vectors.o)
                0x0000000040080340                _UserExceptionVector
                0x00000000000003c0                . = 0x3c0
 *fill*         0x0000000040080346       0x7a 
 *(.DoubleExceptionVector.text)
 .DoubleExceptionVector.text
                0x00000000400803c0        0xf /home/zdrm/Desktop/DURF/Project/Code/motor_test/build/freertos/libfreertos.a(xtensa_vectors.o)
                0x00000000400803c0                _DoubleExceptionVector
                0x0000000000000400                . = 0x400
 *fill*         0x00000000400803cf       0x31 
 *(.*Vector.literal)
 *(.UserEnter.literal)
 *(.UserEnter.text)
                0x0000000040080400                . = ALIGN (0x10)
 *(.entry.text)
 *(.init.literal)
 *(.init)
                0x0000000040080400                _init_end = ABSOLUTE (.)

.iram0.text     0x0000000040080400     0x9180
                0x0000000040080400                _iram_text_start = ABSOLUTE (.)
 *(.iram1 .iram1.*)
 .iram1.literal
                0x0000000040080400       0xb4 /home/zdrm/Desktop/DURF/Project/Code/motor_test/build/esp32/libesp32.a(cpu_start.o)
                                        0x1dc (size before relaxing)
 .iram1.literal
                0x00000000400804b4        0xc /home/zdrm/Desktop/DURF/Project/Code/motor_test/build/esp32/libesp32.a(cache_err_int.o)
                                         0x18 (size before relaxing)
 .iram1.literal
                0x00000000400804c0        0xc /home/zdrm/Desktop/DURF/Project/Code/motor_test/build/esp32/libesp32.a(int_wdt.o)
 .iram1.literal
                0x00000000400804cc       0x44 /home/zdrm/Desktop/DURF/Project/Code/motor_test/build/esp32/libesp32.a(system_api.o)
                                         0xb4 (size before relaxing)
 .iram1.literal
                0x0000000040080510       0x24 /home/zdrm/Desktop/DURF/Project/Code/motor_test/build/esp32/libesp32.a(esp_timer.o)
                                         0x60 (size before relaxing)
 .iram1.literal
                0x0000000040080534       0x38 /home/zdrm/Desktop/DURF/Project/Code/motor_test/build/esp32/libesp32.a(dport_access.o)
                                         0x88 (size before relaxing)
 .iram1.literal
                0x000000004008056c       0x10 /home/zdrm/Desktop/DURF/Project/Code/motor_test/build/esp32/libesp32.a(dport_panic_highint_hdl.o)
                                         0x28 (size before relaxing)
 .iram1.literal
                0x000000004008057c       0x60 /home/zdrm/Desktop/DURF/Project/Code/motor_test/build/esp32/libesp32.a(esp_timer_esp32.o)
                                         0xf8 (size before relaxing)
 .iram1.literal
                0x00000000400805dc        0xc /home/zdrm/Desktop/DURF/Project/Code/motor_test/build/esp32/libesp32.a(clk.o)
                                         0x20 (size before relaxing)
 .iram1.literal
                0x00000000400805e8        0x4 /home/zdrm/Desktop/DURF/Project/Code/motor_test/build/esp32/libesp32.a(freertos_hooks.o)
 .iram1.literal
                0x00000000400805ec       0x1c /home/zdrm/Desktop/DURF/Project/Code/motor_test/build/esp32/libesp32.a(crosscore_int.o)
                                         0x40 (size before relaxing)
 .iram1.literal
                0x0000000040080608       0x20 /home/zdrm/Desktop/DURF/Project/Code/motor_test/build/esp32/libesp32.a(intr_alloc.o)
                                         0x7c (size before relaxing)
 .iram1.literal
                0x0000000040080628       0x20 /home/zdrm/Desktop/DURF/Project/Code/motor_test/build/esp32/libesp32.a(ipc.o)
                                         0x34 (size before relaxing)
 .iram1.literal
                0x0000000040080648        0x4 /home/zdrm/Desktop/DURF/Project/Code/motor_test/build/freertos/libfreertos.a(port.o)
 .iram1.literal
                0x000000004008064c       0x44 /home/zdrm/Desktop/DURF/Project/Code/motor_test/build/freertos/libfreertos.a(xtensa_vectors.o)
                                         0x68 (size before relaxing)
 .iram1.literal
                0x0000000040080690       0x58 /home/zdrm/Desktop/DURF/Project/Code/motor_test/build/heap/libheap.a(heap_caps.o)
                                         0xbc (size before relaxing)
 .iram1.literal
                0x00000000400806e8       0x24 /home/zdrm/Desktop/DURF/Project/Code/motor_test/build/log/liblog.a(log.o)
                                         0x48 (size before relaxing)
 .iram1.literal
                0x000000004008070c        0x4 /home/zdrm/Desktop/DURF/Project/Code/motor_test/build/newlib/libnewlib.a(time.o)
                                         0x1c (size before relaxing)
 .iram1.literal
                0x0000000040080710        0x8 /home/zdrm/Desktop/DURF/Project/Code/motor_test/build/newlib/libnewlib.a(reent_init.o)
                                         0x10 (size before relaxing)
 .iram1.literal
                0x0000000040080718        0x4 /home/zdrm/Desktop/DURF/Project/Code/motor_test/build/newlib/libnewlib.a(syscalls.o)
                                         0x14 (size before relaxing)
 .iram1.literal
                0x000000004008071c       0x14 /home/zdrm/Desktop/DURF/Project/Code/motor_test/build/newlib/libnewlib.a(locks.o)
                                         0x90 (size before relaxing)
 .iram1.literal
                0x0000000040080730       0x1c /home/zdrm/Desktop/DURF/Project/Code/motor_test/build/soc/libsoc.a(cpu_util.o)
                                         0x30 (size before relaxing)
 .iram1.literal
                0x000000004008074c       0x50 /home/zdrm/Desktop/DURF/Project/Code/motor_test/build/spi_flash/libspi_flash.a(cache_utils.o)
                                        0x120 (size before relaxing)
 .iram1.literal
                0x000000004008079c       0x38 /home/zdrm/Desktop/DURF/Project/Code/motor_test/build/spi_flash/libspi_flash.a(flash_ops.o)
                                         0xd8 (size before relaxing)
 .iram1.literal
                0x00000000400807d4       0x50 /home/zdrm/Desktop/DURF/Project/Code/motor_test/build/spi_flash/libspi_flash.a(flash_mmap.o)
                                        0x170 (size before relaxing)
 .literal.prvGetFreeSize
                0x0000000040080824        0xc /home/zdrm/Desktop/DURF/Project/Code/motor_test/build/esp_ringbuf/libesp_ringbuf.a(ringbuf.o)
                                         0x14 (size before relaxing)
 .literal.prvReceiveGeneric
                0x0000000040080830        0x4 /home/zdrm/Desktop/DURF/Project/Code/motor_test/build/esp_ringbuf/libesp_ringbuf.a(ringbuf.o)
                                         0x3c (size before relaxing)
 .literal.xRingbufferSend
                0x0000000040080834        0x4 /home/zdrm/Desktop/DURF/Project/Code/motor_test/build/esp_ringbuf/libesp_ringbuf.a(ringbuf.o)
                                         0x40 (size before relaxing)
 .literal.xRingbufferReceive
                0x0000000040080838        0x4 /home/zdrm/Desktop/DURF/Project/Code/motor_test/build/esp_ringbuf/libesp_ringbuf.a(ringbuf.o)
                                         0x18 (size before relaxing)
 .literal.vRingbufferReturnItem
                0x000000004008083c        0x4 /home/zdrm/Desktop/DURF/Project/Code/motor_test/build/esp_ringbuf/libesp_ringbuf.a(ringbuf.o)
                                         0x28 (size before relaxing)
 .literal.xt_unhandled_interrupt
                0x0000000040080840        0x4 /home/zdrm/Desktop/DURF/Project/Code/motor_test/build/freertos/libfreertos.a(xtensa_intr.o)
                                          0x8 (size before relaxing)
 .literal.xt_set_interrupt_handler
                0x0000000040080844        0x8 /home/zdrm/Desktop/DURF/Project/Code/motor_test/build/freertos/libfreertos.a(xtensa_intr.o)
                                          0xc (size before relaxing)
 .literal.prvIsQueueFull
                0x000000004008084c        0x0 /home/zdrm/Desktop/DURF/Project/Code/motor_test/build/freertos/libfreertos.a(queue.o)
                                          0x8 (size before relaxing)
 .literal.prvCopyDataToQueue
                0x000000004008084c        0x0 /home/zdrm/Desktop/DURF/Project/Code/motor_test/build/freertos/libfreertos.a(queue.o)
                                          0xc (size before relaxing)
 .literal.prvNotifyQueueSetContainer
                0x000000004008084c       0x14 /home/zdrm/Desktop/DURF/Project/Code/motor_test/build/freertos/libfreertos.a(queue.o)
                                         0x34 (size before relaxing)
 .literal.prvCopyDataFromQueue
                0x0000000040080860        0x0 /home/zdrm/Desktop/DURF/Project/Code/motor_test/build/freertos/libfreertos.a(queue.o)
                                          0x4 (size before relaxing)
 .literal.xQueueGenericReset
                0x0000000040080860        0x4 /home/zdrm/Desktop/DURF/Project/Code/motor_test/build/freertos/libfreertos.a(queue.o)
                                         0x30 (size before relaxing)
 .literal.prvInitialiseNewQueue
                0x0000000040080864        0x0 /home/zdrm/Desktop/DURF/Project/Code/motor_test/build/freertos/libfreertos.a(queue.o)
                                          0x4 (size before relaxing)
 .literal.xQueueGenericCreate
                0x0000000040080864        0x4 /home/zdrm/Desktop/DURF/Project/Code/motor_test/build/freertos/libfreertos.a(queue.o)
                                         0x1c (size before relaxing)
 .literal.xQueueGetMutexHolder
                0x0000000040080868        0x0 /home/zdrm/Desktop/DURF/Project/Code/motor_test/build/freertos/libfreertos.a(queue.o)
                                          0x8 (size before relaxing)
 .literal.xQueueCreateCountingSemaphore
                0x0000000040080868        0x4 /home/zdrm/Desktop/DURF/Project/Code/motor_test/build/freertos/libfreertos.a(queue.o)
                                         0x28 (size before relaxing)
 .literal.xQueueGenericSend
                0x000000004008086c        0x4 /home/zdrm/Desktop/DURF/Project/Code/motor_test/build/freertos/libfreertos.a(queue.o)
                                         0x7c (size before relaxing)
 .literal.prvInitialiseMutex
                0x0000000040080870        0x0 /home/zdrm/Desktop/DURF/Project/Code/motor_test/build/freertos/libfreertos.a(queue.o)
                                          0x8 (size before relaxing)
 .literal.xQueueCreateMutex
                0x0000000040080870        0x0 /home/zdrm/Desktop/DURF/Project/Code/motor_test/build/freertos/libfreertos.a(queue.o)
                                          0x8 (size before relaxing)
 .literal.xQueueGiveMutexRecursive
                0x0000000040080870        0x4 /home/zdrm/Desktop/DURF/Project/Code/motor_test/build/freertos/libfreertos.a(queue.o)
                                         0x1c (size before relaxing)
 .literal.xQueueGenericSendFromISR
                0x0000000040080874        0x4 /home/zdrm/Desktop/DURF/Project/Code/motor_test/build/freertos/libfreertos.a(queue.o)
                                         0x3c (size before relaxing)
 .literal.xQueueGiveFromISR
                0x0000000040080878        0x4 /home/zdrm/Desktop/DURF/Project/Code/motor_test/build/freertos/libfreertos.a(queue.o)
                                         0x30 (size before relaxing)
 .literal.xQueueGenericReceive
                0x000000004008087c        0x4 /home/zdrm/Desktop/DURF/Project/Code/motor_test/build/freertos/libfreertos.a(queue.o)
                                         0x78 (size before relaxing)
 .literal.xQueueTakeMutexRecursive
                0x0000000040080880        0x4 /home/zdrm/Desktop/DURF/Project/Code/motor_test/build/freertos/libfreertos.a(queue.o)
                                         0x1c (size before relaxing)
 .literal.xQueueReceiveFromISR
                0x0000000040080884        0x4 /home/zdrm/Desktop/DURF/Project/Code/motor_test/build/freertos/libfreertos.a(queue.o)
                                         0x30 (size before relaxing)
 .literal.vQueueDelete
                0x0000000040080888        0x4 /home/zdrm/Desktop/DURF/Project/Code/motor_test/build/freertos/libfreertos.a(queue.o)
                                         0x18 (size before relaxing)
 .literal.vQueueWaitForMessageRestricted
                0x000000004008088c        0x0 /home/zdrm/Desktop/DURF/Project/Code/motor_test/build/freertos/libfreertos.a(queue.o)
                                          0xc (size before relaxing)
 .literal._xt_tick_divisor_init
                0x000000004008088c        0x8 /home/zdrm/Desktop/DURF/Project/Code/motor_test/build/freertos/libfreertos.a(xtensa_init.o)
                                          0xc (size before relaxing)
 .literal.vPortTaskWrapper
                0x0000000040080894        0x8 /home/zdrm/Desktop/DURF/Project/Code/motor_test/build/freertos/libfreertos.a(port.o)
                                         0x18 (size before relaxing)
 .literal.pxPortInitialiseStack
                0x000000004008089c       0x14 /home/zdrm/Desktop/DURF/Project/Code/motor_test/build/freertos/libfreertos.a(port.o)
                                         0x1c (size before relaxing)
 .literal.xPortStartScheduler
                0x00000000400808b0        0x0 /home/zdrm/Desktop/DURF/Project/Code/motor_test/build/freertos/libfreertos.a(port.o)
                                         0x14 (size before relaxing)
 .literal.xPortSysTickHandler
                0x00000000400808b0        0x0 /home/zdrm/Desktop/DURF/Project/Code/motor_test/build/freertos/libfreertos.a(port.o)
                                          0x8 (size before relaxing)
 .literal.vPortYieldOtherCore
                0x00000000400808b0        0x0 /home/zdrm/Desktop/DURF/Project/Code/motor_test/build/freertos/libfreertos.a(port.o)
                                          0x4 (size before relaxing)
 .literal.vPortReleaseTaskMPUSettings
                0x00000000400808b0        0x0 /home/zdrm/Desktop/DURF/Project/Code/motor_test/build/freertos/libfreertos.a(port.o)
                                          0x4 (size before relaxing)
 .literal.xPortInIsrContext
                0x00000000400808b0        0x0 /home/zdrm/Desktop/DURF/Project/Code/motor_test/build/freertos/libfreertos.a(port.o)
                                          0x8 (size before relaxing)
 .literal.vPortCPUInitializeMutex
                0x00000000400808b0        0x4 /home/zdrm/Desktop/DURF/Project/Code/motor_test/build/freertos/libfreertos.a(port.o)
 .literal.vPortCPUAcquireMutex
                0x00000000400808b4       0x1c /home/zdrm/Desktop/DURF/Project/Code/motor_test/build/freertos/libfreertos.a(port.o)
                                         0x30 (size before relaxing)
 .literal.vPortCPUReleaseMutex
                0x00000000400808d0        0xc /home/zdrm/Desktop/DURF/Project/Code/motor_test/build/freertos/libfreertos.a(port.o)
                                         0x20 (size before relaxing)
 .literal.prvResetNextTaskUnblockTime
                0x00000000400808dc        0x8 /home/zdrm/Desktop/DURF/Project/Code/motor_test/build/freertos/libfreertos.a(tasks.o)
 .literal.prvDeleteTLS
                0x00000000400808e4       0x10 /home/zdrm/Desktop/DURF/Project/Code/motor_test/build/freertos/libfreertos.a(tasks.o)
                                         0x18 (size before relaxing)
 .literal.prvInitialiseNewTask
                0x00000000400808f4        0x0 /home/zdrm/Desktop/DURF/Project/Code/motor_test/build/freertos/libfreertos.a(tasks.o)
                                         0x18 (size before relaxing)
 .literal.prvInitialiseTaskLists
                0x00000000400808f4       0x20 /home/zdrm/Desktop/DURF/Project/Code/motor_test/build/freertos/libfreertos.a(tasks.o)
                                         0x40 (size before relaxing)
 .literal.prvDeleteTCB
                0x0000000040080914        0x8 /home/zdrm/Desktop/DURF/Project/Code/motor_test/build/freertos/libfreertos.a(tasks.o)
                                         0x2c (size before relaxing)
 .literal.prvAddCurrentTaskToDelayedList
                0x000000004008091c        0x4 /home/zdrm/Desktop/DURF/Project/Code/motor_test/build/freertos/libfreertos.a(tasks.o)
                                         0x1c (size before relaxing)
 .literal.taskYIELD_OTHER_CORE
                0x0000000040080920        0x0 /home/zdrm/Desktop/DURF/Project/Code/motor_test/build/freertos/libfreertos.a(tasks.o)
                                         0x10 (size before relaxing)
 .literal.vTaskSuspendAll
                0x0000000040080920        0x4 /home/zdrm/Desktop/DURF/Project/Code/motor_test/build/freertos/libfreertos.a(tasks.o)
                                          0x8 (size before relaxing)
 .literal.xTaskGetTickCount
                0x0000000040080924        0x0 /home/zdrm/Desktop/DURF/Project/Code/motor_test/build/freertos/libfreertos.a(tasks.o)
                                          0x4 (size before relaxing)
 .literal.xTaskGetIdleTaskHandleForCPU
                0x0000000040080924        0xc /home/zdrm/Desktop/DURF/Project/Code/motor_test/build/freertos/libfreertos.a(tasks.o)
                                         0x1c (size before relaxing)
 .literal.vTaskSwitchContext
                0x0000000040080930       0x18 /home/zdrm/Desktop/DURF/Project/Code/motor_test/build/freertos/libfreertos.a(tasks.o)
                                         0x3c (size before relaxing)
 .literal.vTaskSetTimeOutState
                0x0000000040080948        0xc /home/zdrm/Desktop/DURF/Project/Code/motor_test/build/freertos/libfreertos.a(tasks.o)
                                         0x20 (size before relaxing)
 .literal.xTaskGetCurrentTaskHandle
                0x0000000040080954        0x0 /home/zdrm/Desktop/DURF/Project/Code/motor_test/build/freertos/libfreertos.a(tasks.o)
                                          0x8 (size before relaxing)
 .literal.__getreent
                0x0000000040080954        0x0 /home/zdrm/Desktop/DURF/Project/Code/motor_test/build/freertos/libfreertos.a(tasks.o)
                                          0x8 (size before relaxing)
 .literal.pcTaskGetTaskName
                0x0000000040080954        0x8 /home/zdrm/Desktop/DURF/Project/Code/motor_test/build/freertos/libfreertos.a(tasks.o)
                                         0x1c (size before relaxing)
 .literal.xTaskGetAffinity
                0x000000004008095c        0x0 /home/zdrm/Desktop/DURF/Project/Code/motor_test/build/freertos/libfreertos.a(tasks.o)
                                          0x4 (size before relaxing)
 .literal.xTaskGetCurrentTaskHandleForCPU
                0x000000004008095c        0x0 /home/zdrm/Desktop/DURF/Project/Code/motor_test/build/freertos/libfreertos.a(tasks.o)
                                          0x4 (size before relaxing)
 .literal.xTaskGetSchedulerState
                0x000000004008095c        0x4 /home/zdrm/Desktop/DURF/Project/Code/motor_test/build/freertos/libfreertos.a(tasks.o)
                                          0xc (size before relaxing)
 .literal.vTaskEnterCritical
                0x0000000040080960       0x14 /home/zdrm/Desktop/DURF/Project/Code/motor_test/build/freertos/libfreertos.a(tasks.o)
                                         0x34 (size before relaxing)
 .literal.vTaskExitCritical
                0x0000000040080974        0xc /home/zdrm/Desktop/DURF/Project/Code/motor_test/build/freertos/libfreertos.a(tasks.o)
                                         0x28 (size before relaxing)
 .literal.prvAddNewTaskToReadyList
                0x0000000040080980       0x10 /home/zdrm/Desktop/DURF/Project/Code/motor_test/build/freertos/libfreertos.a(tasks.o)
                                         0x58 (size before relaxing)
 .literal.xTaskCreatePinnedToCore
                0x0000000040080990        0x0 /home/zdrm/Desktop/DURF/Project/Code/motor_test/build/freertos/libfreertos.a(tasks.o)
                                         0x18 (size before relaxing)
 .literal.vTaskStartScheduler
                0x0000000040080990       0x10 /home/zdrm/Desktop/DURF/Project/Code/motor_test/build/freertos/libfreertos.a(tasks.o)
                                         0x3c (size before relaxing)
 .literal.vTaskDelete
                0x00000000400809a0        0x8 /home/zdrm/Desktop/DURF/Project/Code/motor_test/build/freertos/libfreertos.a(tasks.o)
                                         0x60 (size before relaxing)
 .literal.vTaskDelay
                0x00000000400809a8        0x4 /home/zdrm/Desktop/DURF/Project/Code/motor_test/build/freertos/libfreertos.a(tasks.o)
                                         0x38 (size before relaxing)
 .literal.uxTaskPriorityGet
                0x00000000400809ac        0x0 /home/zdrm/Desktop/DURF/Project/Code/motor_test/build/freertos/libfreertos.a(tasks.o)
                                         0x10 (size before relaxing)
 .literal.vTaskPrioritySet
                0x00000000400809ac        0x4 /home/zdrm/Desktop/DURF/Project/Code/motor_test/build/freertos/libfreertos.a(tasks.o)
                                         0x44 (size before relaxing)
 .literal.prvCheckTasksWaitingTermination
                0x00000000400809b0        0x8 /home/zdrm/Desktop/DURF/Project/Code/motor_test/build/freertos/libfreertos.a(tasks.o)
                                         0x30 (size before relaxing)
 .literal.prvIdleTask
                0x00000000400809b8        0x0 /home/zdrm/Desktop/DURF/Project/Code/motor_test/build/freertos/libfreertos.a(tasks.o)
                                          0x8 (size before relaxing)
 .literal.xTaskIncrementTick
                0x00000000400809b8        0xc /home/zdrm/Desktop/DURF/Project/Code/motor_test/build/freertos/libfreertos.a(tasks.o)
                                         0x6c (size before relaxing)
 .literal.xTaskResumeAll
                0x00000000400809c4        0x8 /home/zdrm/Desktop/DURF/Project/Code/motor_test/build/freertos/libfreertos.a(tasks.o)
                                         0x5c (size before relaxing)
 .literal.vTaskPlaceOnEventList
                0x00000000400809cc        0x8 /home/zdrm/Desktop/DURF/Project/Code/motor_test/build/freertos/libfreertos.a(tasks.o)
                                         0x40 (size before relaxing)
 .literal.vTaskPlaceOnEventListRestricted
                0x00000000400809d4        0x8 /home/zdrm/Desktop/DURF/Project/Code/motor_test/build/freertos/libfreertos.a(tasks.o)
                                         0x38 (size before relaxing)
 .literal.xTaskRemoveFromEventList
                0x00000000400809dc        0x8 /home/zdrm/Desktop/DURF/Project/Code/motor_test/build/freertos/libfreertos.a(tasks.o)
                                         0x58 (size before relaxing)
 .literal.xTaskCheckForTimeOut
                0x00000000400809e4        0xc /home/zdrm/Desktop/DURF/Project/Code/motor_test/build/freertos/libfreertos.a(tasks.o)
                                         0x3c (size before relaxing)
 .literal.vTaskPriorityInherit
                0x00000000400809f0        0x0 /home/zdrm/Desktop/DURF/Project/Code/motor_test/build/freertos/libfreertos.a(tasks.o)
                                         0x28 (size before relaxing)
 .literal.xTaskPriorityDisinherit
                0x00000000400809f0        0x8 /home/zdrm/Desktop/DURF/Project/Code/motor_test/build/freertos/libfreertos.a(tasks.o)
                                         0x3c (size before relaxing)
 .literal.pvTaskIncrementMutexHeldCount
                0x00000000400809f8        0x0 /home/zdrm/Desktop/DURF/Project/Code/motor_test/build/freertos/libfreertos.a(tasks.o)
                                         0x10 (size before relaxing)
 .literal.prvGetNextExpireTime
                0x00000000400809f8        0x4 /home/zdrm/Desktop/DURF/Project/Code/motor_test/build/freertos/libfreertos.a(timers.o)
 .literal.prvInsertTimerInActiveList
                0x00000000400809fc        0x4 /home/zdrm/Desktop/DURF/Project/Code/motor_test/build/freertos/libfreertos.a(timers.o)
                                         0x10 (size before relaxing)
 .literal.prvCheckForValidListAndQueue
                0x0000000040080a00       0x1c /home/zdrm/Desktop/DURF/Project/Code/motor_test/build/freertos/libfreertos.a(timers.o)
                                         0x44 (size before relaxing)
 .literal.xTimerCreateTimerTask
                0x0000000040080a1c        0xc /home/zdrm/Desktop/DURF/Project/Code/motor_test/build/freertos/libfreertos.a(timers.o)
                                         0x2c (size before relaxing)
 .literal.xTimerGenericCommand
                0x0000000040080a28        0x0 /home/zdrm/Desktop/DURF/Project/Code/motor_test/build/freertos/libfreertos.a(timers.o)
                                         0x14 (size before relaxing)
 .literal.prvSwitchTimerLists
                0x0000000040080a28        0x4 /home/zdrm/Desktop/DURF/Project/Code/motor_test/build/freertos/libfreertos.a(timers.o)
                                         0x28 (size before relaxing)
 .literal.prvSampleTimeNow
                0x0000000040080a2c        0x4 /home/zdrm/Desktop/DURF/Project/Code/motor_test/build/freertos/libfreertos.a(timers.o)
                                          0xc (size before relaxing)
 .literal.prvProcessExpiredTimer
                0x0000000040080a30        0x4 /home/zdrm/Desktop/DURF/Project/Code/motor_test/build/freertos/libfreertos.a(timers.o)
                                         0x24 (size before relaxing)
 .literal.prvProcessTimerOrBlockTask
                0x0000000040080a34        0x0 /home/zdrm/Desktop/DURF/Project/Code/motor_test/build/freertos/libfreertos.a(timers.o)
                                         0x24 (size before relaxing)
 .literal.prvProcessReceivedCommands
                0x0000000040080a34        0x8 /home/zdrm/Desktop/DURF/Project/Code/motor_test/build/freertos/libfreertos.a(timers.o)
                                         0x40 (size before relaxing)
 .literal.prvTimerTask
                0x0000000040080a3c        0x0 /home/zdrm/Desktop/DURF/Project/Code/motor_test/build/freertos/libfreertos.a(timers.o)
                                          0xc (size before relaxing)
 .literal       0x0000000040080a3c        0x0 /home/zdrm/Desktop/DURF/Project/Code/motor_test/build/freertos/libfreertos.a(xtensa_context.o)
                                         0x10 (size before relaxing)
 .literal       0x0000000040080a3c        0xc /home/zdrm/Desktop/DURF/Project/Code/motor_test/build/freertos/libfreertos.a(portasm.o)
                                         0x54 (size before relaxing)
 .literal.get_prev_free_block
                0x0000000040080a48       0x10 /home/zdrm/Desktop/DURF/Project/Code/motor_test/build/heap/libheap.a(multi_heap.o)
                                         0x28 (size before relaxing)
 .literal.split_if_necessary
                0x0000000040080a58       0x10 /home/zdrm/Desktop/DURF/Project/Code/motor_test/build/heap/libheap.a(multi_heap.o)
                                         0x50 (size before relaxing)
 .literal.assert_valid_block
                0x0000000040080a68        0x0 /home/zdrm/Desktop/DURF/Project/Code/motor_test/build/heap/libheap.a(multi_heap.o)
                                         0x2c (size before relaxing)
 .literal.merge_adjacent
                0x0000000040080a68        0x8 /home/zdrm/Desktop/DURF/Project/Code/motor_test/build/heap/libheap.a(multi_heap.o)
                                         0x4c (size before relaxing)
 .literal.multi_heap_get_allocated_size_impl
                0x0000000040080a70        0x0 /home/zdrm/Desktop/DURF/Project/Code/motor_test/build/heap/libheap.a(multi_heap.o)
                                         0x10 (size before relaxing)
 .literal.multi_heap_malloc_impl
                0x0000000040080a70        0x0 /home/zdrm/Desktop/DURF/Project/Code/motor_test/build/heap/libheap.a(multi_heap.o)
                                         0x28 (size before relaxing)
 .literal.multi_heap_free_impl
                0x0000000040080a70        0x0 /home/zdrm/Desktop/DURF/Project/Code/motor_test/build/heap/libheap.a(multi_heap.o)
                                         0x50 (size before relaxing)
 .literal.multi_heap_realloc_impl
                0x0000000040080a70        0x8 /home/zdrm/Desktop/DURF/Project/Code/motor_test/build/heap/libheap.a(multi_heap.o)
                                         0x68 (size before relaxing)
 .literal.panicPutChar
                0x0000000040080a78        0x4 /home/zdrm/Desktop/DURF/Project/Code/motor_test/build/esp32/libesp32.a(panic.o)
                                          0x8 (size before relaxing)
 .literal.panicPutStr
                0x0000000040080a7c        0x0 /home/zdrm/Desktop/DURF/Project/Code/motor_test/build/esp32/libesp32.a(panic.o)
                                          0x4 (size before relaxing)
 .literal.panicPutHex
                0x0000000040080a7c        0x0 /home/zdrm/Desktop/DURF/Project/Code/motor_test/build/esp32/libesp32.a(panic.o)
                                          0x8 (size before relaxing)
 .literal.panicPutDec
                0x0000000040080a7c        0x4 /home/zdrm/Desktop/DURF/Project/Code/motor_test/build/esp32/libesp32.a(panic.o)
                                         0x10 (size before relaxing)
 .literal.illegal_instruction_helper
                0x0000000040080a80       0x18 /home/zdrm/Desktop/DURF/Project/Code/motor_test/build/esp32/libesp32.a(panic.o)
                                         0x3c (size before relaxing)
 .literal.reconfigureAllWdts
                0x0000000040080a98       0x10 /home/zdrm/Desktop/DURF/Project/Code/motor_test/build/esp32/libesp32.a(panic.o)
                                         0x24 (size before relaxing)
 .literal.putEntry
                0x0000000040080aa8        0xc /home/zdrm/Desktop/DURF/Project/Code/motor_test/build/esp32/libesp32.a(panic.o)
                                         0x20 (size before relaxing)
 .literal.doBacktrace
                0x0000000040080ab4       0x10 /home/zdrm/Desktop/DURF/Project/Code/motor_test/build/esp32/libesp32.a(panic.o)
                                         0x24 (size before relaxing)
 .literal.invoke_abort
                0x0000000040080ac4        0x4 /home/zdrm/Desktop/DURF/Project/Code/motor_test/build/esp32/libesp32.a(panic.o)
                                          0x8 (size before relaxing)
 .literal.haltOtherCore
                0x0000000040080ac8        0x0 /home/zdrm/Desktop/DURF/Project/Code/motor_test/build/esp32/libesp32.a(panic.o)
                                          0x4 (size before relaxing)
 .literal.commonErrorHandler_dump
                0x0000000040080ac8       0x2c /home/zdrm/Desktop/DURF/Project/Code/motor_test/build/esp32/libesp32.a(panic.o)
                                         0x90 (size before relaxing)
 .literal.esp_panic_dig_reset
                0x0000000040080af4        0x0 /home/zdrm/Desktop/DURF/Project/Code/motor_test/build/esp32/libesp32.a(panic.o)
                                         0x18 (size before relaxing)
 .literal.commonErrorHandler
                0x0000000040080af4        0x8 /home/zdrm/Desktop/DURF/Project/Code/motor_test/build/esp32/libesp32.a(panic.o)
                                         0x4c (size before relaxing)
 .literal.esp_error_check_failed_print
                0x0000000040080afc       0x14 /home/zdrm/Desktop/DURF/Project/Code/motor_test/build/esp32/libesp32.a(panic.o)
                                         0x2c (size before relaxing)
 .literal.abort
                0x0000000040080b10        0x8 /home/zdrm/Desktop/DURF/Project/Code/motor_test/build/esp32/libesp32.a(panic.o)
                                         0x18 (size before relaxing)
 .literal.vApplicationStackOverflowHook
                0x0000000040080b18        0x8 /home/zdrm/Desktop/DURF/Project/Code/motor_test/build/esp32/libesp32.a(panic.o)
                                         0x18 (size before relaxing)
 .literal.panicHandler
                0x0000000040080b20       0x34 /home/zdrm/Desktop/DURF/Project/Code/motor_test/build/esp32/libesp32.a(panic.o)
                                         0xa8 (size before relaxing)
 .literal.xt_unhandled_exception
                0x0000000040080b54       0x18 /home/zdrm/Desktop/DURF/Project/Code/motor_test/build/esp32/libesp32.a(panic.o)
                                         0x68 (size before relaxing)
 .literal._esp_error_check_failed
                0x0000000040080b6c        0x4 /home/zdrm/Desktop/DURF/Project/Code/motor_test/build/esp32/libesp32.a(panic.o)
                                          0xc (size before relaxing)
 .literal.rtc_wdt_get_protect_status
                0x0000000040080b70        0x8 /home/zdrm/Desktop/DURF/Project/Code/motor_test/build/soc/libsoc.a(rtc_wdt.o)
 .literal.rtc_wdt_protect_off
                0x0000000040080b78        0x0 /home/zdrm/Desktop/DURF/Project/Code/motor_test/build/soc/libsoc.a(rtc_wdt.o)
                                          0x8 (size before relaxing)
 .literal.rtc_wdt_protect_on
                0x0000000040080b78        0x0 /home/zdrm/Desktop/DURF/Project/Code/motor_test/build/soc/libsoc.a(rtc_wdt.o)
                                          0x4 (size before relaxing)
 .literal.rtc_wdt_enable
                0x0000000040080b78        0xc /home/zdrm/Desktop/DURF/Project/Code/motor_test/build/soc/libsoc.a(rtc_wdt.o)
                                         0x10 (size before relaxing)
 .literal.rtc_wdt_flashboot_mode_enable
                0x0000000040080b84        0x0 /home/zdrm/Desktop/DURF/Project/Code/motor_test/build/soc/libsoc.a(rtc_wdt.o)
                                          0x4 (size before relaxing)
 .literal.rtc_wdt_feed
                0x0000000040080b84        0x0 /home/zdrm/Desktop/DURF/Project/Code/motor_test/build/soc/libsoc.a(rtc_wdt.o)
                                         0x14 (size before relaxing)
 .literal.rtc_wdt_set_time
                0x0000000040080b84       0x14 /home/zdrm/Desktop/DURF/Project/Code/motor_test/build/soc/libsoc.a(rtc_wdt.o)
                                         0x20 (size before relaxing)
 .literal.rtc_wdt_set_stage
                0x0000000040080b98       0x10 /home/zdrm/Desktop/DURF/Project/Code/motor_test/build/soc/libsoc.a(rtc_wdt.o)
                                         0x14 (size before relaxing)
 .literal.rtc_wdt_disable
                0x0000000040080ba8        0x0 /home/zdrm/Desktop/DURF/Project/Code/motor_test/build/soc/libsoc.a(rtc_wdt.o)
                                         0x2c (size before relaxing)
 .literal.rtc_wdt_set_length_of_reset_signal
                0x0000000040080ba8        0x8 /home/zdrm/Desktop/DURF/Project/Code/motor_test/build/soc/libsoc.a(rtc_wdt.o)
                                          0xc (size before relaxing)
 .literal.rtc_wdt_is_on
                0x0000000040080bb0        0x0 /home/zdrm/Desktop/DURF/Project/Code/motor_test/build/soc/libsoc.a(rtc_wdt.o)
                                          0x4 (size before relaxing)
 .literal.rtc_clk_cal_internal
                0x0000000040080bb0       0x40 /home/zdrm/Desktop/DURF/Project/Code/motor_test/build/soc/libsoc.a(rtc_time.o)
                                         0x68 (size before relaxing)
 .literal.rtc_clk_cal
                0x0000000040080bf0        0x0 /home/zdrm/Desktop/DURF/Project/Code/motor_test/build/soc/libsoc.a(rtc_time.o)
                                          0xc (size before relaxing)
 .literal.rtc_time_get
                0x0000000040080bf0       0x10 /home/zdrm/Desktop/DURF/Project/Code/motor_test/build/soc/libsoc.a(rtc_time.o)
                                         0x18 (size before relaxing)
 .literal.rtc_clk_wait_for_slow_cycle
                0x0000000040080c00        0x8 /home/zdrm/Desktop/DURF/Project/Code/motor_test/build/soc/libsoc.a(rtc_time.o)
                                         0x20 (size before relaxing)
 .literal.rtc_init
                0x0000000040080c08       0x88 /home/zdrm/Desktop/DURF/Project/Code/motor_test/build/soc/libsoc.a(rtc_init.o)
                                         0xdc (size before relaxing)
 .literal.rtc_clk_32k_enable_common
                0x0000000040080c90       0x14 /home/zdrm/Desktop/DURF/Project/Code/motor_test/build/soc/libsoc.a(rtc_clk.o)
 .literal.rtc_clk_bbpll_disable
                0x0000000040080ca4        0x8 /home/zdrm/Desktop/DURF/Project/Code/motor_test/build/soc/libsoc.a(rtc_clk.o)
                                         0x10 (size before relaxing)
 .literal.rtc_clk_bbpll_enable
                0x0000000040080cac        0x8 /home/zdrm/Desktop/DURF/Project/Code/motor_test/build/soc/libsoc.a(rtc_clk.o)
                                         0x1c (size before relaxing)
 .literal.rtc_clk_32k_enable
                0x0000000040080cb4        0x4 /home/zdrm/Desktop/DURF/Project/Code/motor_test/build/soc/libsoc.a(rtc_clk.o)
                                         0x10 (size before relaxing)
 .literal.rtc_clk_32k_enable_external
                0x0000000040080cb8        0x0 /home/zdrm/Desktop/DURF/Project/Code/motor_test/build/soc/libsoc.a(rtc_clk.o)
                                          0x4 (size before relaxing)
 .literal.rtc_clk_8m_enable
                0x0000000040080cb8        0x0 /home/zdrm/Desktop/DURF/Project/Code/motor_test/build/soc/libsoc.a(rtc_clk.o)
                                         0x10 (size before relaxing)
 .literal.rtc_clk_slow_freq_set
                0x0000000040080cb8        0x0 /home/zdrm/Desktop/DURF/Project/Code/motor_test/build/soc/libsoc.a(rtc_clk.o)
                                          0xc (size before relaxing)
 .literal.rtc_clk_slow_freq_get
                0x0000000040080cb8        0x0 /home/zdrm/Desktop/DURF/Project/Code/motor_test/build/soc/libsoc.a(rtc_clk.o)
                                          0x4 (size before relaxing)
 .literal.rtc_clk_slow_freq_get_hz
                0x0000000040080cb8        0x0 /home/zdrm/Desktop/DURF/Project/Code/motor_test/build/soc/libsoc.a(rtc_clk.o)
                                         0x10 (size before relaxing)
 .literal.rtc_clk_fast_freq_set
                0x0000000040080cb8        0x0 /home/zdrm/Desktop/DURF/Project/Code/motor_test/build/soc/libsoc.a(rtc_clk.o)
                                          0xc (size before relaxing)
 .literal.rtc_clk_bbpll_configure
                0x0000000040080cb8        0x4 /home/zdrm/Desktop/DURF/Project/Code/motor_test/build/soc/libsoc.a(rtc_clk.o)
                                         0x3c (size before relaxing)
 .literal.rtc_clk_xtal_freq_get
                0x0000000040080cbc        0x8 /home/zdrm/Desktop/DURF/Project/Code/motor_test/build/soc/libsoc.a(rtc_clk.o)
 .literal.rtc_clk_cpu_freq_mhz_to_config
                0x0000000040080cc4        0x0 /home/zdrm/Desktop/DURF/Project/Code/motor_test/build/soc/libsoc.a(rtc_clk.o)
                                          0x4 (size before relaxing)
 .literal.rtc_clk_cpu_freq_get_config
                0x0000000040080cc4       0x10 /home/zdrm/Desktop/DURF/Project/Code/motor_test/build/soc/libsoc.a(rtc_clk.o)
                                         0x34 (size before relaxing)
 .literal.rtc_clk_apb_freq_update
                0x0000000040080cd4        0x4 /home/zdrm/Desktop/DURF/Project/Code/motor_test/build/soc/libsoc.a(rtc_clk.o)
 .literal.rtc_clk_cpu_freq_to_xtal
                0x0000000040080cd8        0xc /home/zdrm/Desktop/DURF/Project/Code/motor_test/build/soc/libsoc.a(rtc_clk.o)
                                         0x30 (size before relaxing)
 .literal.rtc_clk_cpu_freq_set_xtal
                0x0000000040080ce4        0x0 /home/zdrm/Desktop/DURF/Project/Code/motor_test/build/soc/libsoc.a(rtc_clk.o)
                                         0x10 (size before relaxing)
 .literal.rtc_clk_cpu_freq_to_pll_mhz
                0x0000000040080ce4        0x8 /home/zdrm/Desktop/DURF/Project/Code/motor_test/build/soc/libsoc.a(rtc_clk.o)
                                         0x3c (size before relaxing)
 .literal.rtc_clk_cpu_freq_to_8m
                0x0000000040080cec        0x4 /home/zdrm/Desktop/DURF/Project/Code/motor_test/build/soc/libsoc.a(rtc_clk.o)
                                         0x28 (size before relaxing)
 .literal.rtc_clk_cpu_freq_set_config
                0x0000000040080cf0        0x0 /home/zdrm/Desktop/DURF/Project/Code/motor_test/build/soc/libsoc.a(rtc_clk.o)
                                         0x30 (size before relaxing)
 .literal.rtc_clk_apb_freq_get
                0x0000000040080cf0        0x4 /home/zdrm/Desktop/DURF/Project/Code/motor_test/build/soc/libsoc.a(rtc_clk.o)
                                         0x10 (size before relaxing)
 .literal       0x0000000040080cf4        0x0 /home/zdrm/esp/esp-idf/components/esp32/libhal.a(windowspill_asm.o)
                                          0x4 (size before relaxing)
 .literal.esp_rom_spiflash_read_status
                0x0000000040080cf4       0x10 /home/zdrm/Desktop/DURF/Project/Code/motor_test/build/spi_flash/libspi_flash.a(spi_flash_rom_patch.o)
                                         0x14 (size before relaxing)
 .literal.esp_rom_spiflash_wait_idle
                0x0000000040080d04        0x8 /home/zdrm/Desktop/DURF/Project/Code/motor_test/build/spi_flash/libspi_flash.a(spi_flash_rom_patch.o)
                                          0xc (size before relaxing)
 .literal.esp_rom_spiflash_erase_block_internal
                0x0000000040080d0c        0x4 /home/zdrm/Desktop/DURF/Project/Code/motor_test/build/spi_flash/libspi_flash.a(spi_flash_rom_patch.o)
                                         0x18 (size before relaxing)
 .literal.esp_rom_spiflash_erase_sector_internal
                0x0000000040080d10        0x0 /home/zdrm/Desktop/DURF/Project/Code/motor_test/build/spi_flash/libspi_flash.a(spi_flash_rom_patch.o)
                                         0x18 (size before relaxing)
 .literal.esp_rom_spiflash_read_data
                0x0000000040080d10       0x1c /home/zdrm/Desktop/DURF/Project/Code/motor_test/build/spi_flash/libspi_flash.a(spi_flash_rom_patch.o)
                                         0x34 (size before relaxing)
 .literal.esp_rom_spiflash_enable_write
                0x0000000040080d2c        0x0 /home/zdrm/Desktop/DURF/Project/Code/motor_test/build/spi_flash/libspi_flash.a(spi_flash_rom_patch.o)
                                         0x10 (size before relaxing)
 .literal.esp_rom_spiflash_program_page_internal
                0x0000000040080d2c       0x10 /home/zdrm/Desktop/DURF/Project/Code/motor_test/build/spi_flash/libspi_flash.a(spi_flash_rom_patch.o)
                                         0x40 (size before relaxing)
 .literal.esp_rom_spiflash_read_statushigh
                0x0000000040080d3c        0x4 /home/zdrm/Desktop/DURF/Project/Code/motor_test/build/spi_flash/libspi_flash.a(spi_flash_rom_patch.o)
                                          0xc (size before relaxing)
 .literal.esp_rom_spiflash_write_status
                0x0000000040080d40        0x4 /home/zdrm/Desktop/DURF/Project/Code/motor_test/build/spi_flash/libspi_flash.a(spi_flash_rom_patch.o)
                                         0x14 (size before relaxing)
 .literal.esp_rom_spiflash_unlock
                0x0000000040080d44        0x4 /home/zdrm/Desktop/DURF/Project/Code/motor_test/build/spi_flash/libspi_flash.a(spi_flash_rom_patch.o)
                                         0x28 (size before relaxing)
 .literal.esp_rom_spiflash_erase_block
                0x0000000040080d48        0xc /home/zdrm/Desktop/DURF/Project/Code/motor_test/build/spi_flash/libspi_flash.a(spi_flash_rom_patch.o)
                                         0x20 (size before relaxing)
 .literal.esp_rom_spiflash_erase_sector
                0x0000000040080d54        0x0 /home/zdrm/Desktop/DURF/Project/Code/motor_test/build/spi_flash/libspi_flash.a(spi_flash_rom_patch.o)
                                         0x20 (size before relaxing)
 .literal.esp_rom_spiflash_write
                0x0000000040080d54        0x0 /home/zdrm/Desktop/DURF/Project/Code/motor_test/build/spi_flash/libspi_flash.a(spi_flash_rom_patch.o)
                                         0x28 (size before relaxing)
 .literal.esp_rom_spiflash_write_encrypted
                0x0000000040080d54        0xc /home/zdrm/Desktop/DURF/Project/Code/motor_test/build/spi_flash/libspi_flash.a(spi_flash_rom_patch.o)
                                         0x10 (size before relaxing)
 .literal.esp_rom_spiflash_read
                0x0000000040080d60       0x30 /home/zdrm/Desktop/DURF/Project/Code/motor_test/build/spi_flash/libspi_flash.a(spi_flash_rom_patch.o)
                                         0x5c (size before relaxing)
 .iram1         0x0000000040080d90      0x28e /home/zdrm/Desktop/DURF/Project/Code/motor_test/build/esp32/libesp32.a(cpu_start.o)
                                        0x346 (size before relaxing)
                0x0000000040080d90                start_cpu0
                0x0000000040080d90                start_cpu0_default
                0x0000000040080e5c                start_cpu1_default
                0x0000000040080e5c                start_cpu1
                0x0000000040080edc                call_start_cpu0
 *fill*         0x000000004008101e        0x2 
 .iram1         0x0000000040081020       0x2c /home/zdrm/Desktop/DURF/Project/Code/motor_test/build/esp32/libesp32.a(cache_err_int.o)
                                         0x34 (size before relaxing)
                0x0000000040081020                esp_cache_err_get_cpuid
 .iram1         0x000000004008104c       0x53 /home/zdrm/Desktop/DURF/Project/Code/motor_test/build/esp32/libesp32.a(int_wdt.o)
 *fill*         0x000000004008109f        0x1 
 .iram1         0x00000000400810a0      0x195 /home/zdrm/Desktop/DURF/Project/Code/motor_test/build/esp32/libesp32.a(system_api.o)
                                        0x1e0 (size before relaxing)
                0x00000000400810a0                esp_restart_noos
                0x0000000040081214                esp_restart
                0x0000000040081214                system_restart
 *fill*         0x0000000040081235        0x3 
 .iram1         0x0000000040081238      0x203 /home/zdrm/Desktop/DURF/Project/Code/motor_test/build/esp32/libesp32.a(esp_timer.o)
                                        0x21b (size before relaxing)
                0x0000000040081354                esp_timer_stop
                0x0000000040081378                esp_timer_get_next_alarm
                0x0000000040081398                esp_timer_get_time
                0x00000000400813a8                esp_timer_start_once
                0x00000000400813ec                esp_timer_start_periodic
 *fill*         0x000000004008143b        0x1 
 .iram1         0x000000004008143c      0x1e3 /home/zdrm/Desktop/DURF/Project/Code/motor_test/build/esp32/libesp32.a(dport_access.o)
                                        0x1ef (size before relaxing)
                0x000000004008143c                esp_dport_access_stall_other_cpu_start
                0x00000000400814ec                esp_dport_access_stall_other_cpu_end
                0x0000000040081568                esp_dport_access_stall_other_cpu_start_wrap
                0x0000000040081570                esp_dport_access_stall_other_cpu_end_wrap
                0x0000000040081578                esp_dport_access_int_pause
                0x000000004008159c                esp_dport_access_int_abort
                0x00000000400815b0                esp_dport_access_int_resume
                0x00000000400815d4                esp_dport_access_reg_read
                0x00000000400815ec                esp_dport_access_sequence_reg_read
                0x00000000400815f8                esp_dport_access_read_buffer
 *fill*         0x000000004008161f        0x1 
 .iram1         0x0000000040081620       0xda /home/zdrm/Desktop/DURF/Project/Code/motor_test/build/esp32/libesp32.a(dport_panic_highint_hdl.o)
                0x0000000040081620                xt_highint4
                0x00000000400816fa                ld_include_panic_highint_hdl
 *fill*         0x00000000400816fa        0x2 
 .iram1         0x00000000400816fc      0x4af /home/zdrm/Desktop/DURF/Project/Code/motor_test/build/esp32/libesp32.a(esp_timer_esp32.o)
                                        0x4bb (size before relaxing)
                0x0000000040081820                esp_timer_impl_get_time
                0x0000000040081990                esp_timer_impl_set_alarm
                0x0000000040081ad8                esp_timer_impl_update_apb_freq
                0x0000000040081ba0                esp_timer_impl_get_min_period_us
 *fill*         0x0000000040081bab        0x1 
 .iram1         0x0000000040081bac       0x47 /home/zdrm/Desktop/DURF/Project/Code/motor_test/build/esp32/libesp32.a(clk.o)
                                         0x4b (size before relaxing)
                0x0000000040081bac                esp_clk_cpu_freq
                0x0000000040081bbc                esp_clk_apb_freq
                0x0000000040081bd4                esp_clk_xtal_freq
                0x0000000040081be4                ets_update_cpu_frequency
 *fill*         0x0000000040081bf3        0x1 
 .iram1         0x0000000040081bf4       0x27 /home/zdrm/Desktop/DURF/Project/Code/motor_test/build/esp32/libesp32.a(freertos_hooks.o)
                0x0000000040081bf4                esp_vApplicationTickHook
 *fill*         0x0000000040081c1b        0x1 
 .iram1         0x0000000040081c1c       0xb0 /home/zdrm/Desktop/DURF/Project/Code/motor_test/build/esp32/libesp32.a(crosscore_int.o)
                                         0xc0 (size before relaxing)
                0x0000000040081cb4                esp_crosscore_int_send_yield
                0x0000000040081cc0                esp_crosscore_int_send_freq_switch
 .iram1         0x0000000040081ccc      0x2b6 /home/zdrm/Desktop/DURF/Project/Code/motor_test/build/esp32/libesp32.a(intr_alloc.o)
                                        0x2ce (size before relaxing)
                0x0000000040081d08                esp_intr_set_in_iram
                0x0000000040081d90                esp_intr_enable
                0x0000000040081e18                esp_intr_disable
                0x0000000040081ee0                esp_intr_noniram_disable
                0x0000000040081f2c                esp_intr_noniram_enable
                0x0000000040081f6c                ets_isr_unmask
                0x0000000040081f78                ets_isr_mask
 *fill*         0x0000000040081f82        0x2 
 .iram1         0x0000000040081f84       0x7f /home/zdrm/Desktop/DURF/Project/Code/motor_test/build/esp32/libesp32.a(ipc.o)
                                         0x8b (size before relaxing)
 *fill*         0x0000000040082003        0x1 
 .iram1         0x0000000040082004       0x1a /home/zdrm/Desktop/DURF/Project/Code/motor_test/build/freertos/libfreertos.a(port.o)
                0x0000000040082004                xPortInterruptedFromISRContext
 *fill*         0x000000004008201e        0x2 
 .iram1         0x0000000040082020      0x4f8 /home/zdrm/Desktop/DURF/Project/Code/motor_test/build/freertos/libfreertos.a(xtensa_vectors.o)
                0x0000000040082020                _xt_panic
                0x0000000040082140                _xt_user_exit
                0x0000000040082454                _xt_medint2_exit
                0x0000000040082504                _xt_medint3_exit
 .iram1         0x0000000040082518      0x411 /home/zdrm/Desktop/DURF/Project/Code/motor_test/build/heap/libheap.a(heap_caps.o)
                                        0x431 (size before relaxing)
                0x00000000400825b0                heap_caps_malloc
                0x0000000040082660                heap_caps_malloc_default
                0x00000000400826a4                heap_caps_malloc_prefer
                0x00000000400826fc                heap_caps_free
                0x0000000040082734                heap_caps_realloc
                0x00000000400827e8                heap_caps_realloc_default
                0x0000000040082840                heap_caps_realloc_prefer
                0x00000000400828a4                heap_caps_calloc
                0x00000000400828d4                heap_caps_calloc_prefer
 *fill*         0x0000000040082929        0x3 
 .iram1         0x000000004008292c      0x18a /home/zdrm/Desktop/DURF/Project/Code/motor_test/build/log/liblog.a(log.o)
                                        0x19a (size before relaxing)
                0x000000004008292c                esp_log_write
                0x0000000040082a5c                esp_log_early_timestamp
                0x0000000040082a78                esp_log_timestamp
 *fill*         0x0000000040082ab6        0x2 
 .iram1         0x0000000040082ab8       0x70 /home/zdrm/Desktop/DURF/Project/Code/motor_test/build/newlib/libnewlib.a(time.o)
                                         0x74 (size before relaxing)
                0x0000000040082ab8                _gettimeofday_r
                0x0000000040082b00                _times_r
 .iram1         0x0000000040082b28       0x3c /home/zdrm/Desktop/DURF/Project/Code/motor_test/build/newlib/libnewlib.a(reent_init.o)
                0x0000000040082b28                esp_reent_init
 .iram1         0x0000000040082b64       0x5a /home/zdrm/Desktop/DURF/Project/Code/motor_test/build/newlib/libnewlib.a(syscalls.o)
                                         0x62 (size before relaxing)
                0x0000000040082b64                _malloc_r
                0x0000000040082b70                _free_r
                0x0000000040082b7c                _realloc_r
                0x0000000040082b90                _calloc_r
 *fill*         0x0000000040082bbe        0x2 
 .iram1         0x0000000040082bc0      0x1cc /home/zdrm/Desktop/DURF/Project/Code/motor_test/build/newlib/libnewlib.a(locks.o)
                                        0x210 (size before relaxing)
                0x0000000040082cd8                _lock_init
                0x0000000040082ce8                _lock_init_recursive
                0x0000000040082cf8                _lock_close_recursive
                0x0000000040082cf8                _lock_close
                0x0000000040082d34                _lock_acquire
                0x0000000040082d44                _lock_acquire_recursive
                0x0000000040082d54                _lock_try_acquire
                0x0000000040082d64                _lock_try_acquire_recursive
                0x0000000040082d74                _lock_release
                0x0000000040082d80                _lock_release_recursive
 .iram1         0x0000000040082d8c      0x11a /home/zdrm/Desktop/DURF/Project/Code/motor_test/build/soc/libsoc.a(cpu_util.o)
                0x0000000040082d8c                esp_cpu_stall
                0x0000000040082e20                esp_cpu_unstall
                0x0000000040082e74                esp_cpu_reset
                0x0000000040082e98                esp_cpu_in_ocd_debug_mode
 *fill*         0x0000000040082ea6        0x2 
 .iram1         0x0000000040082ea8      0x2f4 /home/zdrm/Desktop/DURF/Project/Code/motor_test/build/spi_flash/libspi_flash.a(cache_utils.o)
                                        0x340 (size before relaxing)
                0x0000000040082f0c                spi_flash_op_block_func
                0x0000000040082fb8                spi_flash_disable_interrupts_caches_and_other_cpu
                0x0000000040083098                spi_flash_enable_interrupts_caches_and_other_cpu
                0x0000000040083130                spi_flash_disable_interrupts_caches_and_other_cpu_no_os
                0x000000004008315c                spi_flash_enable_interrupts_caches_no_os
                0x0000000040083178                spi_flash_cache_enabled
 .iram1         0x000000004008319c      0x74a /home/zdrm/Desktop/DURF/Project/Code/motor_test/build/spi_flash/libspi_flash.a(flash_ops.o)
                                        0x76a (size before relaxing)
                0x000000004008320c                spi_flash_guard_set
                0x0000000040083218                spi_flash_guard_get
                0x0000000040083224                spi_flash_get_chip_size
                0x0000000040083230                spi_flash_erase_range
                0x00000000400832f0                spi_flash_erase_sector
                0x0000000040083320                spi_flash_write
                0x00000000400834f4                spi_flash_read
                0x000000004008378c                spi_flash_read_encrypted
                0x00000000400837d4                spi_flash_write_encrypted
 *fill*         0x00000000400838e6        0x2 
 .iram1         0x00000000400838e8      0x5c3 /home/zdrm/Desktop/DURF/Project/Code/motor_test/build/spi_flash/libspi_flash.a(flash_mmap.o)
                                        0x60f (size before relaxing)
                0x0000000040083a3c                spi_flash_mmap_pages
                0x0000000040083c80                spi_flash_mmap
                0x0000000040083cf4                spi_flash_munmap
                0x0000000040083d98                spi_flash_mmap_get_free_pages
                0x0000000040083dec                spi_flash_mark_modified_region
                0x0000000040083e38                spi_flash_phys2cache
 *fill*         0x0000000040083eab        0x0 
 *fill*         0x0000000040083eab        0x0 
 *fill*         0x0000000040083eab        0x0 
 *fill*         0x0000000040083eab        0x0 
 *fill*         0x0000000040083eab        0x1 
 .iram1         0x0000000040083eac       0x20 /home/zdrm/Desktop/DURF/Project/Code/motor_test/build/esp32/libesp32.a(dbg_stubs.o)
 *fill*         0x0000000040083ecc        0x0 
 *fill*         0x0000000040083ecc        0x0 
 *fill*         0x0000000040083ecc        0x0 
 *fill*         0x0000000040083ecc        0x0 
 *fill*         0x0000000040083ecc        0x0 
 *fill*         0x0000000040083ecc        0x0 
 .iram1         0x0000000040083ecc       0x2e /home/zdrm/Desktop/DURF/Project/Code/motor_test/build/freertos/libfreertos.a(xtensa_vector_defaults.o)
                0x0000000040083ecc                xt_debugexception
                0x0000000040083eec                xt_highint5
                0x0000000040083ef4                _xt_nmi
                0x0000000040083ef4                xt_nmi
 *fill*         0x0000000040083efa        0x0 
 *fill*         0x0000000040083efa        0x0 
 *fill*         0x0000000040083efa        0x0 
 *fill*         0x0000000040083efa        0x0 
 *fill*         0x0000000040083efa        0x0 
 *fill*         0x0000000040083efa        0x0 
 *libesp_ringbuf.a:(.literal .text .literal.* .text.*)
 *fill*         0x0000000040083efa        0x2 
 .text.prvGetFreeSize
                0x0000000040083efc       0x3c /home/zdrm/Desktop/DURF/Project/Code/motor_test/build/esp_ringbuf/libesp_ringbuf.a(ringbuf.o)
                                         0x40 (size before relaxing)
 .text.prvReceiveGeneric
                0x0000000040083f38      0x128 /home/zdrm/Desktop/DURF/Project/Code/motor_test/build/esp_ringbuf/libesp_ringbuf.a(ringbuf.o)
                                        0x13c (size before relaxing)
 .text.xRingbufferSend
                0x0000000040084060       0xfd /home/zdrm/Desktop/DURF/Project/Code/motor_test/build/esp_ringbuf/libesp_ringbuf.a(ringbuf.o)
                                        0x111 (size before relaxing)
                0x0000000040084060                xRingbufferSend
 *fill*         0x000000004008415d        0x3 
 .text.xRingbufferReceive
                0x0000000040084160       0x45 /home/zdrm/Desktop/DURF/Project/Code/motor_test/build/esp_ringbuf/libesp_ringbuf.a(ringbuf.o)
                0x0000000040084160                xRingbufferReceive
 *fill*         0x00000000400841a5        0x3 
 .text.vRingbufferReturnItem
                0x00000000400841a8       0x5a /home/zdrm/Desktop/DURF/Project/Code/motor_test/build/esp_ringbuf/libesp_ringbuf.a(ringbuf.o)
                                         0x66 (size before relaxing)
                0x00000000400841a8                vRingbufferReturnItem
 *fill*         0x0000000040084202        0x2 
 .text.prvCheckItemAvail
                0x0000000040084204       0x34 /home/zdrm/Desktop/DURF/Project/Code/motor_test/build/esp_ringbuf/libesp_ringbuf.a(ringbuf.o)
 *fill*         0x0000000040084238        0x0 
 *fill*         0x0000000040084238        0x0 
 *libfreertos.a:(.literal .text .literal.* .text.*)
 .text.xt_unhandled_interrupt
                0x0000000040084238       0x16 /home/zdrm/Desktop/DURF/Project/Code/motor_test/build/freertos/libfreertos.a(xtensa_intr.o)
                0x0000000040084238                xt_unhandled_interrupt
 *fill*         0x000000004008424e        0x2 
 .text.xt_set_interrupt_handler
                0x0000000040084250       0x4a /home/zdrm/Desktop/DURF/Project/Code/motor_test/build/freertos/libfreertos.a(xtensa_intr.o)
                0x0000000040084250                xt_set_interrupt_handler
 *fill*         0x000000004008429a        0x2 
 .text.prvIsQueueFull
                0x000000004008429c       0x2a /home/zdrm/Desktop/DURF/Project/Code/motor_test/build/freertos/libfreertos.a(queue.o)
 *fill*         0x00000000400842c6        0x2 
 .text.prvCopyDataToQueue
                0x00000000400842c8       0x9e /home/zdrm/Desktop/DURF/Project/Code/motor_test/build/freertos/libfreertos.a(queue.o)
 *fill*         0x0000000040084366        0x2 
 .text.prvNotifyQueueSetContainer
                0x0000000040084368       0x77 /home/zdrm/Desktop/DURF/Project/Code/motor_test/build/freertos/libfreertos.a(queue.o)
                                         0x8a (size before relaxing)
 *fill*         0x00000000400843df        0x1 
 .text.prvCopyDataFromQueue
                0x00000000400843e0       0x24 /home/zdrm/Desktop/DURF/Project/Code/motor_test/build/freertos/libfreertos.a(queue.o)
 .text.xQueueGenericReset
                0x0000000040084404       0x86 /home/zdrm/Desktop/DURF/Project/Code/motor_test/build/freertos/libfreertos.a(queue.o)
                                         0x96 (size before relaxing)
                0x0000000040084404                xQueueGenericReset
 *fill*         0x000000004008448a        0x2 
 .text.prvInitialiseNewQueue
                0x000000004008448c       0x1f /home/zdrm/Desktop/DURF/Project/Code/motor_test/build/freertos/libfreertos.a(queue.o)
                                         0x23 (size before relaxing)
 *fill*         0x00000000400844ab        0x1 
 .text.xQueueGenericCreate
                0x00000000400844ac       0x49 /home/zdrm/Desktop/DURF/Project/Code/motor_test/build/freertos/libfreertos.a(queue.o)
                                         0x4d (size before relaxing)
                0x00000000400844ac                xQueueGenericCreate
 *fill*         0x00000000400844f5        0x3 
 .text.xQueueGetMutexHolder
                0x00000000400844f8       0x23 /home/zdrm/Desktop/DURF/Project/Code/motor_test/build/freertos/libfreertos.a(queue.o)
                0x00000000400844f8                xQueueGetMutexHolder
 *fill*         0x000000004008451b        0x1 
 .text.xQueueCreateCountingSemaphore
                0x000000004008451c       0x66 /home/zdrm/Desktop/DURF/Project/Code/motor_test/build/freertos/libfreertos.a(queue.o)
                                         0x6a (size before relaxing)
                0x000000004008451c                xQueueCreateCountingSemaphore
 *fill*         0x0000000040084582        0x2 
 .text.xQueueGenericSend
                0x0000000040084584      0x158 /home/zdrm/Desktop/DURF/Project/Code/motor_test/build/freertos/libfreertos.a(queue.o)
                                        0x18c (size before relaxing)
                0x0000000040084584                xQueueGenericSend
 .text.prvInitialiseMutex
                0x00000000400846dc       0x22 /home/zdrm/Desktop/DURF/Project/Code/motor_test/build/freertos/libfreertos.a(queue.o)
                                         0x26 (size before relaxing)
 *fill*         0x00000000400846fe        0x2 
 .text.xQueueCreateMutex
                0x0000000040084700       0x16 /home/zdrm/Desktop/DURF/Project/Code/motor_test/build/freertos/libfreertos.a(queue.o)
                                         0x1a (size before relaxing)
                0x0000000040084700                xQueueCreateMutex
 *fill*         0x0000000040084716        0x2 
 .text.xQueueGiveMutexRecursive
                0x0000000040084718       0x48 /home/zdrm/Desktop/DURF/Project/Code/motor_test/build/freertos/libfreertos.a(queue.o)
                                         0x4c (size before relaxing)
                0x0000000040084718                xQueueGiveMutexRecursive
 .text.xQueueGenericSendFromISR
                0x0000000040084760       0xd6 /home/zdrm/Desktop/DURF/Project/Code/motor_test/build/freertos/libfreertos.a(queue.o)
                                         0xe6 (size before relaxing)
                0x0000000040084760                xQueueGenericSendFromISR
 *fill*         0x0000000040084836        0x2 
 .text.xQueueGiveFromISR
                0x0000000040084838       0xb6 /home/zdrm/Desktop/DURF/Project/Code/motor_test/build/freertos/libfreertos.a(queue.o)
                                         0xc2 (size before relaxing)
                0x0000000040084838                xQueueGiveFromISR
 *fill*         0x00000000400848ee        0x2 
 .text.xQueueGenericReceive
                0x00000000400848f0      0x144 /home/zdrm/Desktop/DURF/Project/Code/motor_test/build/freertos/libfreertos.a(queue.o)
                                        0x178 (size before relaxing)
                0x00000000400848f0                xQueueGenericReceive
 .text.xQueueTakeMutexRecursive
                0x0000000040084a34       0x51 /home/zdrm/Desktop/DURF/Project/Code/motor_test/build/freertos/libfreertos.a(queue.o)
                0x0000000040084a34                xQueueTakeMutexRecursive
 *fill*         0x0000000040084a85        0x3 
 .text.xQueueReceiveFromISR
                0x0000000040084a88       0x96 /home/zdrm/Desktop/DURF/Project/Code/motor_test/build/freertos/libfreertos.a(queue.o)
                                         0xa6 (size before relaxing)
                0x0000000040084a88                xQueueReceiveFromISR
 *fill*         0x0000000040084b1e        0x2 
 .text.vQueueDelete
                0x0000000040084b20       0x28 /home/zdrm/Desktop/DURF/Project/Code/motor_test/build/freertos/libfreertos.a(queue.o)
                0x0000000040084b20                vQueueDelete
 .text.vQueueWaitForMessageRestricted
                0x0000000040084b48       0x23 /home/zdrm/Desktop/DURF/Project/Code/motor_test/build/freertos/libfreertos.a(queue.o)
                                         0x2a (size before relaxing)
                0x0000000040084b48                vQueueWaitForMessageRestricted
 *fill*         0x0000000040084b6b        0x1 
 .text._xt_tick_divisor_init
                0x0000000040084b6c       0x1c /home/zdrm/Desktop/DURF/Project/Code/motor_test/build/freertos/libfreertos.a(xtensa_init.o)
                                         0x1f (size before relaxing)
                0x0000000040084b6c                _xt_tick_divisor_init
 *fill*         0x0000000040084b88        0x0 
 .text.vPortTaskWrapper
                0x0000000040084b88       0x26 /home/zdrm/Desktop/DURF/Project/Code/motor_test/build/freertos/libfreertos.a(port.o)
                                         0x32 (size before relaxing)
 *fill*         0x0000000040084bae        0x2 
 .text.pxPortInitialiseStack
                0x0000000040084bb0       0x8a /home/zdrm/Desktop/DURF/Project/Code/motor_test/build/freertos/libfreertos.a(port.o)
                0x0000000040084bb0                pxPortInitialiseStack
 *fill*         0x0000000040084c3a        0x2 
 .text.xPortStartScheduler
                0x0000000040084c3c       0x22 /home/zdrm/Desktop/DURF/Project/Code/motor_test/build/freertos/libfreertos.a(port.o)
                                         0x2e (size before relaxing)
                0x0000000040084c3c                xPortStartScheduler
 *fill*         0x0000000040084c5e        0x2 
 .text.xPortSysTickHandler
                0x0000000040084c60       0x10 /home/zdrm/Desktop/DURF/Project/Code/motor_test/build/freertos/libfreertos.a(port.o)
                                         0x16 (size before relaxing)
                0x0000000040084c60                xPortSysTickHandler
 *fill*         0x0000000040084c70        0x0 
 .text.vPortYieldOtherCore
                0x0000000040084c70        0xa /home/zdrm/Desktop/DURF/Project/Code/motor_test/build/freertos/libfreertos.a(port.o)
                                          0xe (size before relaxing)
                0x0000000040084c70                vPortYieldOtherCore
 *fill*         0x0000000040084c7a        0x2 
 .text.vPortReleaseTaskMPUSettings
                0x0000000040084c7c        0xa /home/zdrm/Desktop/DURF/Project/Code/motor_test/build/freertos/libfreertos.a(port.o)
                                          0xe (size before relaxing)
                0x0000000040084c7c                vPortReleaseTaskMPUSettings
 *fill*         0x0000000040084c86        0x2 
 .text.xPortInIsrContext
                0x0000000040084c88       0x26 /home/zdrm/Desktop/DURF/Project/Code/motor_test/build/freertos/libfreertos.a(port.o)
                0x0000000040084c88                xPortInIsrContext
 *fill*         0x0000000040084cae        0x2 
 .text.vPortCPUInitializeMutex
                0x0000000040084cb0        0xe /home/zdrm/Desktop/DURF/Project/Code/motor_test/build/freertos/libfreertos.a(port.o)
                0x0000000040084cb0                vPortCPUInitializeMutex
 *fill*         0x0000000040084cbe        0x2 
 .text.vPortCPUAcquireMutex
                0x0000000040084cc0       0x81 /home/zdrm/Desktop/DURF/Project/Code/motor_test/build/freertos/libfreertos.a(port.o)
                                         0x88 (size before relaxing)
                0x0000000040084cc0                vPortCPUAcquireMutex
 *fill*         0x0000000040084d41        0x3 
 .text.vPortCPUReleaseMutex
                0x0000000040084d44       0x4d /home/zdrm/Desktop/DURF/Project/Code/motor_test/build/freertos/libfreertos.a(port.o)
                                         0x50 (size before relaxing)
                0x0000000040084d44                vPortCPUReleaseMutex
 *fill*         0x0000000040084d91        0x3 
 .text.prvResetNextTaskUnblockTime
                0x0000000040084d94       0x34 /home/zdrm/Desktop/DURF/Project/Code/motor_test/build/freertos/libfreertos.a(tasks.o)
 .text.prvDeleteTLS
                0x0000000040084dc8       0x40 /home/zdrm/Desktop/DURF/Project/Code/motor_test/build/freertos/libfreertos.a(tasks.o)
 .text.prvInitialiseNewTask
                0x0000000040084e08       0xc4 /home/zdrm/Desktop/DURF/Project/Code/motor_test/build/freertos/libfreertos.a(tasks.o)
                                         0xd0 (size before relaxing)
 .text.prvInitialiseTaskLists
                0x0000000040084ecc       0x5a /home/zdrm/Desktop/DURF/Project/Code/motor_test/build/freertos/libfreertos.a(tasks.o)
                                         0x6e (size before relaxing)
 *fill*         0x0000000040084f26        0x2 
 .text.prvDeleteTCB
                0x0000000040084f28       0x56 /home/zdrm/Desktop/DURF/Project/Code/motor_test/build/freertos/libfreertos.a(tasks.o)
                                         0x5d (size before relaxing)
 *fill*         0x0000000040084f7e        0x2 
 .text.prvAddCurrentTaskToDelayedList
                0x0000000040084f80       0x66 /home/zdrm/Desktop/DURF/Project/Code/motor_test/build/freertos/libfreertos.a(tasks.o)
                                         0x6a (size before relaxing)
 *fill*         0x0000000040084fe6        0x2 
 .text.taskYIELD_OTHER_CORE
                0x0000000040084fe8       0x53 /home/zdrm/Desktop/DURF/Project/Code/motor_test/build/freertos/libfreertos.a(tasks.o)
                0x0000000040084fe8                taskYIELD_OTHER_CORE
 *fill*         0x000000004008503b        0x1 
 .text.vTaskSuspendAll
                0x000000004008503c       0x26 /home/zdrm/Desktop/DURF/Project/Code/motor_test/build/freertos/libfreertos.a(tasks.o)
                0x000000004008503c                vTaskSuspendAll
 *fill*         0x0000000040085062        0x2 
 .text.xTaskGetTickCount
                0x0000000040085064        0xd /home/zdrm/Desktop/DURF/Project/Code/motor_test/build/freertos/libfreertos.a(tasks.o)
                0x0000000040085064                xTaskGetTickCount
 *fill*         0x0000000040085071        0x3 
 .text.xTaskGetIdleTaskHandleForCPU
                0x0000000040085074       0x2a /home/zdrm/Desktop/DURF/Project/Code/motor_test/build/freertos/libfreertos.a(tasks.o)
                                         0x2e (size before relaxing)
                0x0000000040085074                xTaskGetIdleTaskHandleForCPU
 *fill*         0x000000004008509e        0x2 
 .text.vTaskSwitchContext
                0x00000000400850a0      0x2a2 /home/zdrm/Desktop/DURF/Project/Code/motor_test/build/freertos/libfreertos.a(tasks.o)
                                        0x2ae (size before relaxing)
                0x00000000400850a0                vTaskSwitchContext
 *fill*         0x0000000040085342        0x2 
 .text.vTaskSetTimeOutState
                0x0000000040085344       0x34 /home/zdrm/Desktop/DURF/Project/Code/motor_test/build/freertos/libfreertos.a(tasks.o)
                0x0000000040085344                vTaskSetTimeOutState
 .text.xTaskGetCurrentTaskHandle
                0x0000000040085378       0x1f /home/zdrm/Desktop/DURF/Project/Code/motor_test/build/freertos/libfreertos.a(tasks.o)
                0x0000000040085378                xTaskGetCurrentTaskHandle
 *fill*         0x0000000040085397        0x1 
 .text.__getreent
                0x0000000040085398       0x19 /home/zdrm/Desktop/DURF/Project/Code/motor_test/build/freertos/libfreertos.a(tasks.o)
                0x0000000040085398                __getreent
 *fill*         0x00000000400853b1        0x3 
 .text.pcTaskGetTaskName
                0x00000000400853b4       0x2a /home/zdrm/Desktop/DURF/Project/Code/motor_test/build/freertos/libfreertos.a(tasks.o)
                                         0x2d (size before relaxing)
                0x00000000400853b4                pcTaskGetTaskName
 *fill*         0x00000000400853de        0x2 
 .text.xTaskGetAffinity
                0x00000000400853e0       0x10 /home/zdrm/Desktop/DURF/Project/Code/motor_test/build/freertos/libfreertos.a(tasks.o)
                                         0x13 (size before relaxing)
                0x00000000400853e0                xTaskGetAffinity
 *fill*         0x00000000400853f0        0x0 
 .text.xTaskGetCurrentTaskHandleForCPU
                0x00000000400853f0       0x17 /home/zdrm/Desktop/DURF/Project/Code/motor_test/build/freertos/libfreertos.a(tasks.o)
                0x00000000400853f0                xTaskGetCurrentTaskHandleForCPU
 *fill*         0x0000000040085407        0x1 
 .text.xTaskGetSchedulerState
                0x0000000040085408       0x37 /home/zdrm/Desktop/DURF/Project/Code/motor_test/build/freertos/libfreertos.a(tasks.o)
                0x0000000040085408                xTaskGetSchedulerState
 *fill*         0x000000004008543f        0x1 
 .text.vTaskEnterCritical
                0x0000000040085440       0xac /home/zdrm/Desktop/DURF/Project/Code/motor_test/build/freertos/libfreertos.a(tasks.o)
                                         0xb3 (size before relaxing)
                0x0000000040085440                vTaskEnterCritical
 *fill*         0x00000000400854ec        0x0 
 .text.vTaskExitCritical
                0x00000000400854ec       0x77 /home/zdrm/Desktop/DURF/Project/Code/motor_test/build/freertos/libfreertos.a(tasks.o)
                0x00000000400854ec                vTaskExitCritical
 *fill*         0x0000000040085563        0x1 
 .text.prvAddNewTaskToReadyList
                0x0000000040085564      0x160 /home/zdrm/Desktop/DURF/Project/Code/motor_test/build/freertos/libfreertos.a(tasks.o)
                                        0x173 (size before relaxing)
 *fill*         0x00000000400856c4        0x0 
 .text.xTaskCreatePinnedToCore
                0x00000000400856c4       0x6e /home/zdrm/Desktop/DURF/Project/Code/motor_test/build/freertos/libfreertos.a(tasks.o)
                                         0x76 (size before relaxing)
                0x00000000400856c4                xTaskCreatePinnedToCore
 *fill*         0x0000000040085732        0x2 
 .text.vTaskStartScheduler
                0x0000000040085734       0x77 /home/zdrm/Desktop/DURF/Project/Code/motor_test/build/freertos/libfreertos.a(tasks.o)
                                         0x82 (size before relaxing)
                0x0000000040085734                vTaskStartScheduler
 *fill*         0x00000000400857ab        0x1 
 .text.vTaskDelete
                0x00000000400857ac      0x10a /home/zdrm/Desktop/DURF/Project/Code/motor_test/build/freertos/libfreertos.a(tasks.o)
                                        0x122 (size before relaxing)
                0x00000000400857ac                vTaskDelete
 *fill*         0x00000000400858b6        0x2 
 .text.vTaskDelay
                0x00000000400858b8       0x74 /home/zdrm/Desktop/DURF/Project/Code/motor_test/build/freertos/libfreertos.a(tasks.o)
                                         0x84 (size before relaxing)
                0x00000000400858b8                vTaskDelay
 .text.uxTaskPriorityGet
                0x000000004008592c       0x1c /home/zdrm/Desktop/DURF/Project/Code/motor_test/build/freertos/libfreertos.a(tasks.o)
                                         0x23 (size before relaxing)
                0x000000004008592c                uxTaskPriorityGet
 *fill*         0x0000000040085948        0x0 
 .text.vTaskPrioritySet
                0x0000000040085948      0x12d /home/zdrm/Desktop/DURF/Project/Code/motor_test/build/freertos/libfreertos.a(tasks.o)
                                        0x143 (size before relaxing)
                0x0000000040085948                vTaskPrioritySet
 *fill*         0x0000000040085a75        0x3 
 .text.prvCheckTasksWaitingTermination
                0x0000000040085a78       0xbe /home/zdrm/Desktop/DURF/Project/Code/motor_test/build/freertos/libfreertos.a(tasks.o)
                                         0xc6 (size before relaxing)
 *fill*         0x0000000040085b36        0x2 
 .text.prvIdleTask
                0x0000000040085b38        0xc /home/zdrm/Desktop/DURF/Project/Code/motor_test/build/freertos/libfreertos.a(tasks.o)
                                         0x12 (size before relaxing)
 *fill*         0x0000000040085b44        0x0 
 .text.xTaskIncrementTick
                0x0000000040085b44      0x1a6 /home/zdrm/Desktop/DURF/Project/Code/motor_test/build/freertos/libfreertos.a(tasks.o)
                                        0x1ba (size before relaxing)
                0x0000000040085b44                xTaskIncrementTick
 *fill*         0x0000000040085cea        0x2 
 .text.xTaskResumeAll
                0x0000000040085cec      0x17f /home/zdrm/Desktop/DURF/Project/Code/motor_test/build/freertos/libfreertos.a(tasks.o)
                                        0x18e (size before relaxing)
                0x0000000040085cec                xTaskResumeAll
 *fill*         0x0000000040085e6b        0x1 
 .text.vTaskPlaceOnEventList
                0x0000000040085e6c       0x8f /home/zdrm/Desktop/DURF/Project/Code/motor_test/build/freertos/libfreertos.a(tasks.o)
                                         0xa3 (size before relaxing)
                0x0000000040085e6c                vTaskPlaceOnEventList
 *fill*         0x0000000040085efb        0x1 
 .text.vTaskPlaceOnEventListRestricted
                0x0000000040085efc       0x6b /home/zdrm/Desktop/DURF/Project/Code/motor_test/build/freertos/libfreertos.a(tasks.o)
                                         0x7f (size before relaxing)
                0x0000000040085efc                vTaskPlaceOnEventListRestricted
 *fill*         0x0000000040085f67        0x1 
 .text.xTaskRemoveFromEventList
                0x0000000040085f68      0x134 /home/zdrm/Desktop/DURF/Project/Code/motor_test/build/freertos/libfreertos.a(tasks.o)
                                        0x143 (size before relaxing)
                0x0000000040085f68                xTaskRemoveFromEventList
 *fill*         0x000000004008609c        0x0 
 .text.xTaskCheckForTimeOut
                0x000000004008609c       0x89 /home/zdrm/Desktop/DURF/Project/Code/motor_test/build/freertos/libfreertos.a(tasks.o)
                                         0x94 (size before relaxing)
                0x000000004008609c                xTaskCheckForTimeOut
 *fill*         0x0000000040086125        0x3 
 .text.vTaskPriorityInherit
                0x0000000040086128       0xc4 /home/zdrm/Desktop/DURF/Project/Code/motor_test/build/freertos/libfreertos.a(tasks.o)
                                         0xdb (size before relaxing)
                0x0000000040086128                vTaskPriorityInherit
 *fill*         0x00000000400861ec        0x0 
 .text.xTaskPriorityDisinherit